DIALS 3.dev.1510-ge12de1a7a7
The following parameters have been modified:
input {
  experiments = symmetrized.expt
  reflections = symmetrized.refl
}

Checking for the existence of a reflection table 
containing multiple datasets 

Found 1 reflection tables & 1 experiments in total.

Dataset ids are: 0 

Set scaling_options.full_matrix=True
Set reflection_selection.method=quasi_random
Space group being used during scaling is C 1 2 1
Set small scale cutoff to 0.001

Scaling models have been initialised for all experiments.

================================================================================

The experiment id for this dataset is 0.
The scaling model type being applied is physical. 

Applying filter of min_isigi > -5.0, partiality > 0.25
Read 327057 predicted reflections
Selected 327057 reflections integrated by profile or summation methods
Removed 1023 reflections below partiality threshold
Removed 0 intensity.sum.value reflections with I/Sig(I) < -5.0
Removed 0 intensity.prf.value reflections with I/Sig(I) < -5.0
Combined 37 partial reflections with other partial reflections
Excluding 1588/327020 reflections
Reflections passing individual criteria:
criterion: user excluded, reflections: 1588
criterion: excluded for scaling, reflections: 1588

The following corrections will be applied to this dataset: 

+--------------+----------------+
| correction   |   n_parameters |
|--------------+----------------|
| scale        |             26 |
| decay        |             20 |
| absorption   |             24 |
+--------------+----------------+
Loaded error model: 
Error model details:
  Type: basic
  Parameters: a = 1.00000, b = 0.02000
  Error model formula: σ'² = a²(σ² + (bI)²)
  estimated I/sigma asymptotic limit: 50.000

A round of outlier rejection has been performed, 
6498 outliers have been identified. 

151376 reflections were preselected for scale factor determination 
out of 325432 suitable reflections: 
Reflections passing individual criteria:
criterion: in I/sigma range (I/sig > 2.0), reflections: 151376
criterion: above min partiality ( > 0.25), reflections: 325432

Randomly selected 8116/24130 groups (m>1) to use for scaling model
minimisation (50104 reflections)
Completed preprocessing and initialisation for this dataset.

================================================================================

Components to be refined in this cycle for all datasets: scale, decay, absorption
Performing a round of scaling with an LBFGS minimizer. 

Time taken for refinement 4.14

Refinement steps:
+--------+--------+----------+
|   Step |   Nref |   RMSD_I |
|        |        |    (a.u) |
|--------+--------+----------|
|      0 |  47910 |   1.6844 |
|      1 |  47910 |   1.591  |
|      2 |  47910 |   1.3898 |
|      3 |  47910 |   1.2978 |
|      4 |  47910 |   1.1699 |
|      5 |  47910 |   1.0551 |
|      6 |  47910 |   1.0447 |
|      7 |  47910 |   1.0384 |
|      8 |  47910 |   1.0348 |
|      9 |  47910 |   1.0277 |
|     10 |  47910 |   1.0271 |
|     11 |  47910 |   1.0267 |
|     12 |  47910 |   1.0264 |
|     13 |  47910 |   1.0262 |
|     14 |  47910 |   1.026  |
|     15 |  47910 |   1.0258 |
|     16 |  47910 |   1.0257 |
|     17 |  47910 |   1.0256 |
|     18 |  47910 |   1.0254 |
|     19 |  47910 |   1.0251 |
|     20 |  47910 |   1.025  |
|     21 |  47910 |   1.0248 |
|     22 |  47910 |   1.0247 |
+--------+--------+----------+
RMSD no longer decreasing
lbfgs minimizer stop: callback_after_step is True

================================================================================

Scale factors determined during minimisation have now been
applied to all reflections for dataset 0.

A round of outlier rejection has been performed, 
168 outliers have been identified. 

Performing profile/summation intensity optimisation.
+-----------------+---------+---------+
| Combination     |   CC1/2 |   Rmeas |
|-----------------+---------+---------|
| prf only        | 0.99903 | 0.0603  |
| sum only        | 0.99894 | 0.06665 |
| Imid = 310.31   | 0.99906 | 0.06007 |
| Imid = 39732.76 | 0.99903 | 0.0603  |
| Imid = 3973.28  | 0.99905 | 0.06018 |
| Imid = 397.33   | 0.99906 | 0.05999 |
| Imid = 39.73    | 0.99898 | 0.06269 |
+-----------------+---------+---------+
Combined intensities with Imid = 397.33 determined to be best for scaling. 

A round of outlier rejection has been performed, 
145 outliers have been identified. 

Components to be refined in this cycle for all datasets: scale, decay, absorption
Performing a round of scaling with an LBFGS minimizer. 

Time taken for refinement 1.48

Refinement steps:
+--------+--------+----------+
|   Step |   Nref |   RMSD_I |
|        |        |    (a.u) |
|--------+--------+----------|
|      0 |  50065 |   1.0794 |
|      1 |  50065 |   1.0786 |
|      2 |  50065 |   1.0771 |
|      3 |  50065 |   1.0765 |
|      4 |  50065 |   1.076  |
|      5 |  50065 |   1.0752 |
|      6 |  50065 |   1.0751 |
+--------+--------+----------+
RMSD no longer decreasing
lbfgs minimizer stop: callback_after_step is True

================================================================================

Scale factors determined during minimisation have now been
applied to all reflections for dataset 0.

A round of outlier rejection has been performed, 
141 outliers have been identified. 

Performing a round of error model refinement.

Error model details:
  Type: basic
  Parameters: a = 0.70582, b = 0.03820
  Error model formula: σ'² = a²(σ² + (bI)²)
  estimated I/sigma asymptotic limit: 37.092

Results of error model refinement. Uncorrected and corrected variances
of normalised intensity deviations for given intensity ranges. Variances
are expected to be ~1.0 for reliable errors (sigmas).
+--------------------------+----------+------------------------+----------------------+
| Intensity range (<Ih>)   |   n_refl |   Uncorrected variance |   Corrected variance |
|--------------------------+----------+------------------------+----------------------|
| 9959.13 - 1932.25        |      883 |                  9.298 |                0.904 |
| 1932.25 - 1464.73        |      883 |                  7.471 |                1.097 |
| 1464.73 - 1235.55        |      883 |                  4.922 |                1.043 |
| 1235.55 - 908.09         |     2071 |                  3.887 |                0.973 |
| 908.09 - 499.01          |     5968 |                  2.619 |                1.092 |
| 499.01 - 274.21          |     9789 |                  1.566 |                1.127 |
| 274.21 - 150.68          |    14808 |                  1.007 |                1.129 |
| 150.68 - 82.80           |    19584 |                  0.742 |                1.095 |
| 82.80 - 45.50            |    20581 |                  0.582 |                1.001 |
| 45.50 - 24.99            |    12915 |                  0.475 |                0.875 |
+--------------------------+----------+------------------------+----------------------+

Components to be refined in this cycle for all datasets: scale, decay, absorption
Performing a round of scaling with a Levenberg-Marquardt minimizer.

Time taken for refinement 3.32

Refinement steps:
+--------+--------+----------+
|   Step |   Nref |   RMSD_I |
|        |        |    (a.u) |
|--------+--------+----------|
|      0 |  50062 |   1.304  |
|      1 |  50062 |   1.3004 |
|      2 |  50062 |   1.2979 |
|      3 |  50062 |   1.2966 |
|      4 |  50062 |   1.2964 |
|      5 |  50062 |   1.2964 |
+--------+--------+----------+
RMSD no longer decreasing

================================================================================

Components to be refined in this cycle for all datasets: scale, decay, absorption
Performing a round of scaling with a Levenberg-Marquardt minimizer.

Time taken for refinement 1.04

Refinement steps:
+--------+--------+----------+
|   Step |   Nref |   RMSD_I |
|        |        |    (a.u) |
|--------+--------+----------|
|      0 |  50062 |   1.2964 |
|      1 |  50062 |   1.2964 |
+--------+--------+----------+
RMSD no longer decreasing

================================================================================

Scale factors determined during minimisation have now been
applied to all reflections for dataset 0.

A round of outlier rejection has been performed, 
199 outliers have been identified. 

Performing a round of error model refinement.

Error model details:
  Type: basic
  Parameters: a = 0.68152, b = 0.04113
  Error model formula: σ'² = a²(σ² + (bI)²)
  estimated I/sigma asymptotic limit: 35.679

Results of error model refinement. Uncorrected and corrected variances
of normalised intensity deviations for given intensity ranges. Variances
are expected to be ~1.0 for reliable errors (sigmas).
+--------------------------+----------+------------------------+----------------------+
| Intensity range (<Ih>)   |   n_refl |   Uncorrected variance |   Corrected variance |
|--------------------------+----------+------------------------+----------------------|
| 9953.63 - 1931.24        |      882 |                 10.378 |                0.969 |
| 1931.24 - 1468.65        |      882 |                  7.538 |                1.085 |
| 1468.65 - 1237.31        |      882 |                  4.951 |                0.989 |
| 1237.31 - 907.76         |     2093 |                  4.086 |                0.928 |
| 907.76 - 498.85          |     5987 |                  2.662 |                1.053 |
| 498.85 - 274.13          |     9805 |                  1.517 |                1.088 |
| 274.13 - 150.65          |    14789 |                  0.979 |                1.104 |
| 150.65 - 82.79           |    19572 |                  0.72  |                1.095 |
| 82.79 - 45.49            |    20458 |                  0.56  |                1.013 |
| 45.49 - 24.99            |    12854 |                  0.461 |                0.901 |
+--------------------------+----------+------------------------+----------------------+


The reflection table variances have been adjusted to account for the
uncertainty in the scaling model

Total time taken: 19.6295s 

================================================================================

37.14% of model parameters have significant uncertainty
(sigma/abs(parameter) > 0.5)

Summary of dataset partialities
+------------------+----------+
| Partiality (p)   |   n_refl |
|------------------+----------|
| all reflections  |   327020 |
| p > 0.99         |   324967 |
| 0.5 < p < 0.99   |      352 |
| 0.01 < p < 0.5   |      333 |
| p < 0.01         |     1368 |
+------------------+----------+

Reflections below a partiality_cutoff of 0.25 are not considered for any
part of the scaling analysis or for the reporting of merging statistics.
Additionally, if applicable, only reflections with a min_partiality > 0.25
were considered for use when refining the scaling model.


            ----------Merging statistics by resolution bin----------           

  d_max  d_min    #obs  #uniq  mult.  %comp    <I>  <I/sI>  r_mrg  r_meas  r_pim  r_anom  cc1/2  cc_ano 
  69.30   3.29   23045   3403   6.77  98.64  547.8    68.2  0.037   0.040  0.015   0.043  0.999*  0.278*
   3.29   2.61   22766   3324   6.85  97.51  199.7    47.7  0.049   0.054  0.020   0.059  0.998*  0.328*
   2.61   2.28   22909   3267   7.01  96.77  103.6    35.7  0.065   0.070  0.026   0.073  0.997*  0.376*
   2.28   2.07   22696   3257   6.97  96.05   70.9    27.4  0.078   0.084  0.032   0.081  0.996*  0.260*
   2.07   1.92   22000   3178   6.92  95.21   46.1    20.5  0.098   0.106  0.040   0.099  0.994*  0.219*
   1.92   1.81   22190   3190   6.96  94.30   26.3    14.0  0.136   0.147  0.055   0.131  0.991*  0.170*
   1.81   1.72   21833   3167   6.89  94.14   16.3     9.7  0.180   0.194  0.073   0.172  0.986*  0.145*
   1.72   1.64   21506   3114   6.91  93.01   11.0     7.0  0.234   0.253  0.096   0.214  0.979*  0.118*
   1.64   1.58   22183   3126   7.10  92.65    8.7     5.8  0.284   0.306  0.114   0.246  0.972*  0.096*
   1.58   1.53   21429   3096   6.92  91.98    6.6     4.5  0.341   0.369  0.139   0.306  0.958*  0.079*
   1.53   1.48   20948   3075   6.81  91.74    5.1     3.5  0.421   0.456  0.174   0.368  0.946*  0.006 
   1.48   1.44   21448   3035   7.07  90.73    3.6     2.6  0.561   0.606  0.226   0.462  0.920*  0.074*
   1.44   1.40   19021   3009   6.32  90.44    3.1     2.1  0.638   0.695  0.272   0.568  0.887*  0.036 
   1.40   1.36   14338   2461   5.83  72.90    2.5     1.6  0.737   0.809  0.326   0.653  0.831* -0.006 
   1.36   1.33    9983   1762   5.67  52.58    2.2     1.4  0.843   0.925  0.374   0.747  0.790* -0.048 
   1.33   1.31    6959   1290   5.39  38.61    1.9     1.2  0.918   1.012  0.415   0.823  0.780*  0.053 
   1.31   1.28    5115    999   5.12  29.76    1.5     0.9  1.221   1.354  0.571   1.027  0.596*  0.006 
   1.28   1.26    3120    715   4.36  21.31    1.4     0.7  1.397   1.576  0.707   1.139  0.519* -0.018 
   1.26   1.23    1339    416   3.22  12.52    1.1     0.5  1.443   1.704  0.882   1.359  0.377*  0.007 
   1.23   1.21     405    233   1.74   6.87    1.0     0.4  0.983   1.271  0.793   1.271  0.630*  0.128 
  69.19   1.21  325233  49117   6.62  72.96   71.5    16.8  0.066   0.071  0.027   0.071  0.999*  0.315*



            -------------Summary of merging statistics--------------           

                                             Overall    Low     High
High resolution limit                           1.21    3.29    1.21
Low resolution limit                           69.19   69.30    1.23
Completeness                                   73.0    98.6     6.9
Multiplicity                                    6.6     6.8     1.7
I/sigma                                        16.8    68.2     0.4
Rmerge(I)                                     0.066   0.037   0.983
Rmerge(I+/-)                                  0.056   0.031   0.962
Rmeas(I)                                      0.071   0.040   1.271
Rmeas(I+/-)                                   0.066   0.036   1.361
Rpim(I)                                       0.027   0.015   0.793
Rpim(I+/-)                                    0.035   0.019   0.962
CC half                                       0.999   0.999   0.630
Anomalous completeness                         71.7    99.0     1.9
Anomalous multiplicity                          3.4     3.5     1.4
Anomalous correlation                         0.315   0.278   0.128
Anomalous slope                               1.087
dF/F                                          0.063
dI/s(dI)                                      1.225
Total observations                           325233   23045     405
Total unique                                  49117    3403     233

Writing html report to dials.scale.html
Saving the scaled experiments to scaled.expt
Saving the scaled reflections to scaled.refl
See dials.github.io/dials_scale_user_guide.html for more info on scaling options
