DIALS 3.dev.1510-ge12de1a7a7
The following parameters have been modified:
cut_data {
  d_min = 1.4
}
input {
  experiments = scaled.expt
  reflections = scaled.refl
}

Checking for the existence of a reflection table 
containing multiple datasets 

Found 1 reflection tables & 1 experiments in total.

Dataset ids are: 0 

Set scaling_options.full_matrix=True
Set reflection_selection.method=quasi_random
Space group being used during scaling is C 1 2 1
Set small scale cutoff to 0.001

Scaling models have been initialised for all experiments.

================================================================================

The experiment id for this dataset is 0.
The scaling model type being applied is physical. 

Applying filter of min_isigi > -5.0, partiality > 0.25
Read 327020 predicted reflections
Selected 327020 reflections integrated by profile or summation methods
Removed 994 reflections below partiality threshold
Removed 0 intensity.sum.value reflections with I/Sig(I) < -5.0
Removed 0 intensity.prf.value reflections with I/Sig(I) < -5.0
Excluding 43435/327020 reflections
Reflections passing individual criteria:
criterion: user excluded, reflections: 43435
criterion: excluded for scaling, reflections: 1587

The following corrections will be applied to this dataset: 

+--------------+----------------+
| correction   |   n_parameters |
|--------------+----------------|
| scale        |             26 |
| decay        |             20 |
| absorption   |             24 |
+--------------+----------------+
Loaded error model: 
Error model details:
  Type: basic
  Parameters: a = 0.68152, b = 0.04113
  Error model formula: σ'² = a²(σ² + (bI)²)
  estimated I/sigma asymptotic limit: 35.679

Using previously determined optimal intensity choice: 397.3276

149986 reflections were preselected for scale factor determination 
out of 283585 suitable reflections: 
Reflections passing individual criteria:
criterion: in I/sigma range (I/sig > 2.0), reflections: 149986
criterion: above min partiality ( > 0.25), reflections: 283585

Randomly selected 8068/23815 groups (m>1) to use for scaling model
minimisation (49856 reflections)
Completed preprocessing and initialisation for this dataset.

================================================================================

Components to be refined in this cycle for all datasets: scale, decay, absorption
Performing a round of scaling with an LBFGS minimizer. 

Time taken for refinement 1.06

Refinement steps:
+--------+--------+----------+
|   Step |   Nref |   RMSD_I |
|        |        |    (a.u) |
|--------+--------+----------|
|      0 |  49856 |   1.3729 |
|      1 |  49856 |   1.3727 |
|      2 |  49856 |   1.3724 |
|      3 |  49856 |   1.3722 |
|      4 |  49856 |   1.3721 |
+--------+--------+----------+
RMSD no longer decreasing
lbfgs minimizer stop: callback_after_step is True

================================================================================

Scale factors determined during minimisation have now been
applied to all reflections for dataset 0.

A round of outlier rejection has been performed, 
201 outliers have been identified. 

Performing profile/summation intensity optimisation.
+-----------------+---------+---------+
| Combination     |   CC1/2 |   Rmeas |
|-----------------+---------+---------|
| prf only        | 0.99904 | 0.05927 |
| sum only        | 0.99888 | 0.06564 |
| Imid = 354.54   | 0.99906 | 0.05905 |
| Imid = 39732.76 | 0.99904 | 0.05927 |
| Imid = 3973.28  | 0.99905 | 0.05915 |
| Imid = 397.33   | 0.99906 | 0.05901 |
| Imid = 39.73    | 0.9989  | 0.06194 |
+-----------------+---------+---------+
Combined intensities with Imid = 397.33 determined to be best for scaling. 

A round of outlier rejection has been performed, 
201 outliers have been identified. 

Components to be refined in this cycle for all datasets: scale, decay, absorption
Performing a round of scaling with an LBFGS minimizer. 

Time taken for refinement 0.61

Refinement steps:
+--------+--------+----------+
|   Step |   Nref |   RMSD_I |
|        |        |    (a.u) |
|--------+--------+----------|
|      0 |  49795 |   1.3176 |
|      1 |  49795 |   1.3175 |
+--------+--------+----------+
RMSD no longer decreasing
lbfgs minimizer stop: callback_after_step is True

================================================================================

Scale factors determined during minimisation have now been
applied to all reflections for dataset 0.

A round of outlier rejection has been performed, 
202 outliers have been identified. 

Performing a round of error model refinement.

Error model details:
  Type: basic
  Parameters: a = 0.67970, b = 0.04140
  Error model formula: σ'² = a²(σ² + (bI)²)
  estimated I/sigma asymptotic limit: 35.537

Results of error model refinement. Uncorrected and corrected variances
of normalised intensity deviations for given intensity ranges. Variances
are expected to be ~1.0 for reliable errors (sigmas).
+--------------------------+----------+------------------------+----------------------+
| Intensity range (<Ih>)   |   n_refl |   Uncorrected variance |   Corrected variance |
|--------------------------+----------+------------------------+----------------------|
| 9954.88 - 1933.83        |      882 |                 10.271 |                0.956 |
| 1933.83 - 1469.07        |      882 |                  7.616 |                1.094 |
| 1469.07 - 1238.83        |      882 |                  4.977 |                0.986 |
| 1238.83 - 907.85         |     2093 |                  4.084 |                0.921 |
| 907.85 - 498.89          |     5984 |                  2.66  |                1.053 |
| 498.89 - 274.16          |     9807 |                  1.535 |                1.089 |
| 274.16 - 150.66          |    14795 |                  0.984 |                1.106 |
| 150.66 - 82.79           |    19582 |                  0.72  |                1.097 |
| 82.79 - 45.50            |    20448 |                  0.559 |                1.013 |
| 45.50 - 24.99            |    12846 |                  0.461 |                0.905 |
+--------------------------+----------+------------------------+----------------------+

Components to be refined in this cycle for all datasets: scale, decay, absorption
Performing a round of scaling with a Levenberg-Marquardt minimizer.

Time taken for refinement 2.20

Refinement steps:
+--------+--------+----------+
|   Step |   Nref |   RMSD_I |
|        |        |    (a.u) |
|--------+--------+----------|
|      0 |  49794 |   1.3183 |
|      1 |  49794 |   1.3179 |
|      2 |  49794 |   1.3177 |
|      3 |  49794 |   1.3177 |
+--------+--------+----------+
RMSD no longer decreasing

================================================================================

Components to be refined in this cycle for all datasets: scale, decay, absorption
Performing a round of scaling with a Levenberg-Marquardt minimizer.

Time taken for refinement 1.05

Refinement steps:
+--------+--------+----------+
|   Step |   Nref |   RMSD_I |
|        |        |    (a.u) |
|--------+--------+----------|
|      0 |  49794 |   1.3177 |
|      1 |  49794 |   1.3177 |
+--------+--------+----------+
RMSD no longer decreasing

================================================================================

Scale factors determined during minimisation have now been
applied to all reflections for dataset 0.

A round of outlier rejection has been performed, 
201 outliers have been identified. 

Performing a round of error model refinement.

Error model details:
  Type: basic
  Parameters: a = 0.67863, b = 0.04165
  Error model formula: σ'² = a²(σ² + (bI)²)
  estimated I/sigma asymptotic limit: 35.383

Results of error model refinement. Uncorrected and corrected variances
of normalised intensity deviations for given intensity ranges. Variances
are expected to be ~1.0 for reliable errors (sigmas).
+--------------------------+----------+------------------------+----------------------+
| Intensity range (<Ih>)   |   n_refl |   Uncorrected variance |   Corrected variance |
|--------------------------+----------+------------------------+----------------------|
| 9925.37 - 1932.52        |      882 |                 10.321 |                0.948 |
| 1932.52 - 1468.54        |      882 |                  7.765 |                1.107 |
| 1468.54 - 1239.98        |      882 |                  5.001 |                0.992 |
| 1239.98 - 906.22         |     2105 |                  4.104 |                0.916 |
| 906.22 - 498.14          |     5990 |                  2.681 |                1.047 |
| 498.14 - 273.83          |     9811 |                  1.53  |                1.086 |
| 273.83 - 150.52          |    14799 |                  0.987 |                1.107 |
| 150.52 - 82.74           |    19565 |                  0.719 |                1.097 |
| 82.74 - 45.48            |    20459 |                  0.559 |                1.015 |
| 45.48 - 24.99            |    12830 |                  0.461 |                0.906 |
+--------------------------+----------+------------------------+----------------------+


The reflection table variances have been adjusted to account for the
uncertainty in the scaling model

Total time taken: 13.3681s 

================================================================================

40.00% of model parameters have significant uncertainty
(sigma/abs(parameter) > 0.5)

Summary of dataset partialities
+------------------+----------+
| Partiality (p)   |   n_refl |
|------------------+----------|
| all reflections  |   327020 |
| p > 0.99         |   324967 |
| 0.5 < p < 0.99   |      352 |
| 0.01 < p < 0.5   |      333 |
| p < 0.01         |     1368 |
+------------------+----------+

Reflections below a partiality_cutoff of 0.25 are not considered for any
part of the scaling analysis or for the reporting of merging statistics.
Additionally, if applicable, only reflections with a min_partiality > 0.25
were considered for use when refining the scaling model.


            ----------Merging statistics by resolution bin----------           

  d_max  d_min    #obs  #uniq  mult.  %comp    <I>  <I/sI>  r_mrg  r_meas  r_pim  r_anom  cc1/2  cc_ano 
  69.28   3.80   15073   2234   6.75  99.02  579.3    69.7  0.037   0.040  0.015   0.042  0.999*  0.344*
   3.80   3.02   14883   2172   6.85  97.97  397.4    60.7  0.040   0.044  0.017   0.048  0.998*  0.401*
   3.02   2.63   14569   2137   6.82  97.49  165.8    44.4  0.053   0.058  0.022   0.063  0.998*  0.361*
   2.63   2.39   15020   2114   7.11  96.93  111.1    37.8  0.063   0.068  0.025   0.071  0.998*  0.365*
   2.39   2.22   14688   2137   6.87  96.61   87.2    31.4  0.070   0.076  0.029   0.076  0.997*  0.306*
   2.22   2.09   14795   2090   7.08  95.52   70.5    27.5  0.078   0.084  0.032   0.080  0.997*  0.269*
   2.09   1.99   13941   2073   6.73  95.44   52.7    22.2  0.090   0.097  0.037   0.094  0.995*  0.254*
   1.99   1.90   14902   2090   7.13  95.39   38.3    18.2  0.112   0.121  0.045   0.107  0.994*  0.223*
   1.90   1.83   14243   2053   6.94  94.17   26.4    14.1  0.136   0.147  0.055   0.131  0.991*  0.206*
   1.83   1.76   14073   2044   6.89  94.02   19.1    11.0  0.163   0.176  0.067   0.160  0.988*  0.152*
   1.76   1.71   13880   2045   6.79  93.89   13.8     8.7  0.199   0.215  0.082   0.187  0.982*  0.128*
   1.71   1.66   14095   2039   6.91  93.19   11.2     7.1  0.231   0.250  0.095   0.209  0.982*  0.090*
   1.66   1.62   14271   2000   7.14  92.55    9.5     6.3  0.263   0.284  0.106   0.231  0.975*  0.083*
   1.62   1.58   14235   2032   7.01  92.45    8.0     5.4  0.301   0.325  0.122   0.268  0.968*  0.100*
   1.58   1.54   13856   2007   6.90  91.77    6.7     4.6  0.334   0.362  0.137   0.302  0.954*  0.058*
   1.54   1.51   13558   1991   6.81  92.05    5.6     3.8  0.384   0.416  0.158   0.334  0.956*  0.009 
   1.51   1.48   13913   2010   6.92  91.82    4.9     3.4  0.440   0.476  0.180   0.382  0.940*  0.044 
   1.48   1.45   13662   1933   7.07  90.28    3.8     2.7  0.538   0.580  0.217   0.452  0.920*  0.034 
   1.45   1.42   13933   2000   6.97  90.91    3.2     2.3  0.627   0.677  0.254   0.511  0.902*  0.056*
   1.42   1.40   11794   1935   6.10  90.55    3.0     2.0  0.644   0.704  0.280   0.590  0.881* -0.020 
  69.19   1.40  283384  41136   6.89  94.12   85.2    19.8  0.063   0.068  0.026   0.067  0.999*  0.323*



            -------------Summary of merging statistics--------------           

                                             Overall    Low     High
High resolution limit                           1.40    3.80    1.40
Low resolution limit                           69.19   69.28    1.42
Completeness                                   94.1    99.0    90.5
Multiplicity                                    6.9     6.7     6.1
I/sigma                                        19.8    69.7     2.0
Rmerge(I)                                     0.063   0.037   0.644
Rmerge(I+/-)                                  0.053   0.030   0.582
Rmeas(I)                                      0.068   0.040   0.704
Rmeas(I+/-)                                   0.063   0.035   0.705
Rpim(I)                                       0.026   0.015   0.280
Rpim(I+/-)                                    0.033   0.019   0.392
CC half                                       0.999   0.999   0.881
Anomalous completeness                         94.3    99.2    89.2
Anomalous multiplicity                          3.5     3.5     3.1
Anomalous correlation                         0.323   0.344  -0.020
Anomalous slope                               1.185
dF/F                                          0.059
dI/s(dI)                                      1.307
Total observations                           283384   15073   11794
Total unique                                  41136    2234    1935

Writing html report to dials.scale.html
Saving the scaled experiments to scaled.expt
Saving the scaled reflections to scaled.refl
See dials.github.io/dials_scale_user_guide.html for more info on scaling options
