DIALS 3.dev.1520-gc479b586c3
The following parameters have been modified:
cut_data {
  d_min = 1.61
}
input {
  experiments = scaled.expt
  reflections = scaled.refl
}

Checking for the existence of a reflection table 
containing multiple datasets 

Found 1 reflection tables & 1 experiments in total.

Dataset ids are: 0 

Set scaling_options.full_matrix=True
Set reflection_selection.method=quasi_random
Space group being used during scaling is C 1 2 1
Set small scale cutoff to 0.001

Scaling models have been initialised for all experiments.

================================================================================

The experiment id for this dataset is 0.
The scaling model type being applied is physical. 

Applying filter of min_isigi > -5.0, partiality > 0.25
Read 176222 predicted reflections
Selected 176222 reflections integrated by profile or summation methods
Removed 1287 reflections below partiality threshold
Removed 3 intensity.sum.value reflections with I/Sig(I) < -5.0
Removed 64 intensity.prf.value reflections with I/Sig(I) < -5.0
Excluding 56806/176222 reflections
Reflections passing individual criteria:
criterion: user excluded, reflections: 56740
criterion: excluded for scaling, reflections: 1354

The following corrections will be applied to this dataset: 

+--------------+----------------+
| correction   |   n_parameters |
|--------------+----------------|
| scale        |             16 |
| decay        |             12 |
| absorption   |             24 |
+--------------+----------------+
Loaded error model: 
Error model details:
  Type: basic
  Parameters: a = 0.48726, b = 0.05635
  Error model formula: σ'² = a²(σ² + (bI)²)
  estimated I/sigma asymptotic limit: 36.418

Using previously determined optimal intensity choice: 3237.3081

41121 reflections were preselected for scale factor determination 
out of 119416 suitable reflections: 
Reflections passing individual criteria:
criterion: in I/sigma range (I/sig > 2.0), reflections: 41121
criterion: above min partiality ( > 0.25), reflections: 119416

Randomly selected 11018/11018 groups (m>1) to use for scaling model
minimisation (38537 reflections)
Completed preprocessing and initialisation for this dataset.

================================================================================

Components to be refined in this cycle for all datasets: scale, decay, absorption
Performing a round of scaling with an LBFGS minimizer. 

Time taken for refinement 0.48

Refinement steps:
+--------+--------+----------+
|   Step |   Nref |   RMSD_I |
|        |        |    (a.u) |
|--------+--------+----------|
|      0 |  38537 |   1.7482 |
|      1 |  38537 |   1.748  |
+--------+--------+----------+
RMSD no longer decreasing
lbfgs minimizer stop: callback_after_step is True

================================================================================

Scale factors determined during minimisation have now been
applied to all reflections for dataset 0.

A round of outlier rejection has been performed, 
339 outliers have been identified. 

Performing profile/summation intensity optimisation.
+----------------+---------+---------+
| Combination    |   CC1/2 |   Rmeas |
|----------------+---------+---------|
| prf only       | 0.99518 | 0.09076 |
| sum only       | 0.99279 | 0.11866 |
| Imid = 102.94  | 0.99466 | 0.09566 |
| Imid = 3237.31 | 0.99527 | 0.09069 |
| Imid = 323.73  | 0.99493 | 0.09177 |
| Imid = 32.37   | 0.9937  | 0.10683 |
+----------------+---------+---------+
Combined intensities with Imid = 3237.31 determined to be best for scaling. 

A round of outlier rejection has been performed, 
339 outliers have been identified. 

Components to be refined in this cycle for all datasets: scale, decay, absorption
Performing a round of scaling with an LBFGS minimizer. 

Time taken for refinement 0.46

Refinement steps:
+--------+--------+----------+
|   Step |   Nref |   RMSD_I |
|        |        |    (a.u) |
|--------+--------+----------|
|      0 |  38262 |   1.5126 |
|      1 |  38262 |   1.5126 |
+--------+--------+----------+
RMSD no longer decreasing
lbfgs minimizer stop: callback_after_step is True

================================================================================

Scale factors determined during minimisation have now been
applied to all reflections for dataset 0.

A round of outlier rejection has been performed, 
339 outliers have been identified. 

Performing a round of error model refinement.

Error model details:
  Type: basic
  Parameters: a = 0.48643, b = 0.05613
  Error model formula: σ'² = a²(σ² + (bI)²)
  estimated I/sigma asymptotic limit: 36.627

Results of error model refinement. Uncorrected and corrected variances
of normalised intensity deviations for given intensity ranges. Variances
are expected to be ~1.0 for reliable errors (sigmas).
+--------------------------+----------+------------------------+----------------------+
| Intensity range (<Ih>)   |   n_refl |   Uncorrected variance |   Corrected variance |
|--------------------------+----------+------------------------+----------------------|
| 2422.41 - 594.01         |      250 |                  2.445 |                0.86  |
| 594.01 - 447.45          |      250 |                  1.497 |                0.975 |
| 447.45 - 376.51          |      250 |                  1.516 |                1.108 |
| 376.51 - 328.48          |      250 |                  1.384 |                1.054 |
| 328.48 - 246.10          |      704 |                  1.098 |                1.127 |
| 246.10 - 155.77          |     1748 |                  0.838 |                1.127 |
| 155.77 - 98.59           |     2788 |                  0.555 |                1.117 |
| 98.59 - 62.40            |     3532 |                  0.467 |                1.197 |
| 62.40 - 39.50            |     3825 |                  0.383 |                1.232 |
| 39.50 - 24.99            |     3024 |                  0.334 |                1.202 |
+--------------------------+----------+------------------------+----------------------+

Components to be refined in this cycle for all datasets: scale, decay, absorption
Performing a round of scaling with a Levenberg-Marquardt minimizer.

Time taken for refinement 1.02

Refinement steps:
+--------+--------+----------+
|   Step |   Nref |   RMSD_I |
|        |        |    (a.u) |
|--------+--------+----------|
|      0 |  38262 |   1.5166 |
|      1 |  38262 |   1.5165 |
|      2 |  38262 |   1.5164 |
+--------+--------+----------+
RMSD no longer decreasing

================================================================================

Components to be refined in this cycle for all datasets: scale, decay, absorption
Performing a round of scaling with a Levenberg-Marquardt minimizer.

Time taken for refinement 0.65

Refinement steps:
+--------+--------+----------+
|   Step |   Nref |   RMSD_I |
|        |        |    (a.u) |
|--------+--------+----------|
|      0 |  38262 |   1.5164 |
|      1 |  38262 |   1.5164 |
+--------+--------+----------+
RMSD no longer decreasing

================================================================================

Scale factors determined during minimisation have now been
applied to all reflections for dataset 0.

A round of outlier rejection has been performed, 
341 outliers have been identified. 

Performing a round of error model refinement.

Error model details:
  Type: basic
  Parameters: a = 0.48465, b = 0.05643
  Error model formula: σ'² = a²(σ² + (bI)²)
  estimated I/sigma asymptotic limit: 36.564

Results of error model refinement. Uncorrected and corrected variances
of normalised intensity deviations for given intensity ranges. Variances
are expected to be ~1.0 for reliable errors (sigmas).
+--------------------------+----------+------------------------+----------------------+
| Intensity range (<Ih>)   |   n_refl |   Uncorrected variance |   Corrected variance |
|--------------------------+----------+------------------------+----------------------|
| 2420.18 - 596.88         |      250 |                  2.466 |                0.855 |
| 596.88 - 448.36          |      250 |                  1.564 |                0.975 |
| 448.36 - 377.40          |      250 |                  1.495 |                1.076 |
| 377.40 - 328.94          |      250 |                  1.416 |                1.133 |
| 328.94 - 246.04          |      707 |                  1.107 |                1.114 |
| 246.04 - 155.76          |     1750 |                  0.835 |                1.127 |
| 155.76 - 98.60           |     2784 |                  0.553 |                1.115 |
| 98.60 - 62.42            |     3538 |                  0.467 |                1.2   |
| 62.42 - 39.51            |     3821 |                  0.381 |                1.233 |
| 39.51 - 25.00            |     3022 |                  0.333 |                1.203 |
+--------------------------+----------+------------------------+----------------------+


The reflection table variances have been adjusted to account for the
uncertainty in the scaling model

Total time taken: 6.2058s 

================================================================================

23.08% of model parameters have significant uncertainty
(sigma/abs(parameter) > 0.5)

Summary of dataset partialities
+------------------+----------+
| Partiality (p)   |   n_refl |
|------------------+----------|
| all reflections  |   176222 |
| p > 0.99         |   172390 |
| 0.5 < p < 0.99   |     2040 |
| 0.01 < p < 0.5   |     1527 |
| p < 0.01         |      265 |
+------------------+----------+

Reflections below a partiality_cutoff of 0.25 are not considered for any
part of the scaling analysis or for the reporting of merging statistics.
Additionally, if applicable, only reflections with a min_partiality > 0.25
were considered for use when refining the scaling model.


            ----------Merging statistics by resolution bin----------           

  d_max  d_min    #obs  #uniq  mult.   %comp    <I>  <I/sI>  r_mrg  r_meas  r_pim  r_anom  cc1/2   cc_ano
  55.02   4.37    6497   1728   3.76   99.94  113.4    41.2  0.043   0.049  0.025   0.052  0.997*  -0.058
   4.37   3.47    6033   1682   3.59   99.94  124.8    36.5  0.052   0.061  0.032   0.065  0.995*  -0.010
   3.47   3.03    6584   1679   3.92  100.00   66.8    27.4  0.072   0.084  0.042   0.092  0.992*   0.021
   3.03   2.75    6172   1666   3.70  100.00   36.5    19.3  0.100   0.118  0.061   0.131  0.986*   0.005
   2.75   2.56    6138   1671   3.67   99.94   22.5    13.8  0.134   0.157  0.081   0.175  0.976*   0.023
   2.56   2.40    6411   1672   3.83  100.00   17.7    11.6  0.154   0.180  0.091   0.196  0.971*  -0.037
   2.40   2.28    6495   1670   3.89  100.00   13.9     9.4  0.188   0.218  0.109   0.232  0.962*   0.012
   2.28   2.19    6301   1679   3.75  100.00   12.2     8.1  0.213   0.249  0.127   0.273  0.955*   0.041
   2.19   2.10    5760   1641   3.51   99.88    9.6     6.5  0.248   0.293  0.154   0.341  0.925*   0.049
   2.10   2.03    6051   1639   3.69   99.94    8.0     5.5  0.289   0.337  0.173   0.369  0.911*  -0.003
   2.03   1.97    6286   1664   3.78   99.94    6.5     4.7  0.335   0.390  0.197   0.398  0.901*  -0.046
   1.97   1.91    6374   1648   3.87   99.76    4.9     3.7  0.400   0.464  0.231   0.467  0.873*  -0.050
   1.91   1.86    6419   1661   3.86   99.94    3.5     2.8  0.516   0.599  0.300   0.597  0.792*  -0.040
   1.86   1.81    6250   1652   3.78   99.88    2.8     2.3  0.583   0.678  0.340   0.686  0.772*  -0.053
   1.81   1.77    5695   1635   3.48   99.94    2.2     1.8  0.671   0.791  0.412   0.825  0.715*   0.030
   1.77   1.73    5513   1671   3.30   99.94    1.8     1.4  0.776   0.926  0.496   0.990  0.588*  -0.016
   1.73   1.70    5310   1670   3.18   99.76    1.5     1.2  0.920   1.105  0.601   1.110  0.525*  -0.039
   1.70   1.67    5018   1627   3.08  100.00    1.3     1.0  1.038   1.255  0.693   1.207  0.395*   0.005
   1.67   1.64    4894   1653   2.96   99.94    1.1     0.8  1.227   1.497  0.843   1.332  0.354*   0.025
   1.64   1.61    4874   1655   2.95   99.94    0.9     0.7  1.444   1.769  1.004   1.394  0.283*  -0.030
  54.99   1.61  119075  33263   3.58   99.93   22.9    10.1  0.111   0.130  0.067   0.144  0.996*   0.001



            -------------Summary of merging statistics--------------           

                                             Overall    Low     High
High resolution limit                           1.61    4.37    1.61
Low resolution limit                           54.99   55.02    1.64
Completeness                                   99.9    99.9    99.9
Multiplicity                                    3.6     3.8     2.9
I/sigma                                        10.1    41.2     0.7
Rmerge(I)                                     0.111   0.043   1.444
Rmerge(I+/-)                                  0.093   0.036   1.359
Rmeas(I)                                      0.130   0.049   1.769
Rmeas(I+/-)                                   0.126   0.049   1.853
Rpim(I)                                       0.067   0.025   1.004
Rpim(I+/-)                                    0.084   0.033   1.252
CC half                                       0.996   0.997   0.283
Anomalous completeness                         94.6    98.0    88.6
Anomalous multiplicity                          1.9     2.0     1.6
Anomalous correlation                         0.001  -0.058  -0.030
Anomalous slope                               1.043
dF/F                                          0.121
dI/s(dI)                                      0.988
Total observations                           119075    6497    4874
Total unique                                  33263    1728    1655

Writing html report to dials.scale.html
Saving the scaled experiments to scaled.expt
Saving the scaled reflections to scaled.refl
See dials.github.io/dials_scale_user_guide.html for more info on scaling options
