DIALS 3.dev.1520-gc479b586c3
The following parameters have been modified:
input {
  experiments = symmetrized.expt
  reflections = symmetrized.refl
}

Checking for the existence of a reflection table 
containing multiple datasets 

Found 1 reflection tables & 1 experiments in total.

Dataset ids are: 0 

Set scaling_options.full_matrix=True
Set reflection_selection.method=quasi_random
Space group being used during scaling is C 1 2 1
Set small scale cutoff to 0.001

Scaling models have been initialised for all experiments.

================================================================================

The experiment id for this dataset is 0.
The scaling model type being applied is physical. 

Applying filter of min_isigi > -5.0, partiality > 0.25
Read 176540 predicted reflections
Selected 176540 reflections integrated by profile or summation methods
Removed 1483 reflections below partiality threshold
Removed 3 intensity.sum.value reflections with I/Sig(I) < -5.0
Removed 7 intensity.prf.value reflections with I/Sig(I) < -5.0
Combined 318 partial reflections with other partial reflections
Excluding 1329/176222 reflections
Reflections passing individual criteria:
criterion: user excluded, reflections: 1321
criterion: excluded for scaling, reflections: 1329

The following corrections will be applied to this dataset: 

+--------------+----------------+
| correction   |   n_parameters |
|--------------+----------------|
| scale        |             16 |
| decay        |             12 |
| absorption   |             24 |
+--------------+----------------+
Loaded error model: 
Error model details:
  Type: basic
  Parameters: a = 1.00000, b = 0.02000
  Error model formula: σ'² = a²(σ² + (bI)²)
  estimated I/sigma asymptotic limit: 50.000

A round of outlier rejection has been performed, 
2504 outliers have been identified. 

41167 reflections were preselected for scale factor determination 
out of 174893 suitable reflections: 
Reflections passing individual criteria:
criterion: in I/sigma range (I/sig > 2.0), reflections: 41167
criterion: above min partiality ( > 0.25), reflections: 174893

Randomly selected 11020/11020 groups (m>1) to use for scaling model
minimisation (38538 reflections)
Completed preprocessing and initialisation for this dataset.

================================================================================

Components to be refined in this cycle for all datasets: scale, decay, absorption
Performing a round of scaling with an LBFGS minimizer. 

Time taken for refinement 3.37

Refinement steps:
+--------+--------+----------+
|   Step |   Nref |   RMSD_I |
|        |        |    (a.u) |
|--------+--------+----------|
|      0 |  36093 |  1.5347  |
|      1 |  36093 |  1.4532  |
|      2 |  36093 |  1.2781  |
|      3 |  36093 |  1.0671  |
|      4 |  36093 |  1.0282  |
|      5 |  36093 |  0.92619 |
|      6 |  36093 |  0.90656 |
|      7 |  36093 |  0.89375 |
|      8 |  36093 |  0.89326 |
|      9 |  36093 |  0.89097 |
|     10 |  36093 |  0.89036 |
|     11 |  36093 |  0.889   |
|     12 |  36093 |  0.8879  |
|     13 |  36093 |  0.88615 |
|     14 |  36093 |  0.88398 |
|     15 |  36093 |  0.88218 |
|     16 |  36093 |  0.87992 |
|     17 |  36093 |  0.87836 |
|     18 |  36093 |  0.87739 |
|     19 |  36093 |  0.87402 |
|     20 |  36093 |  0.87225 |
|     21 |  36093 |  0.87064 |
|     22 |  36093 |  0.86952 |
|     23 |  36093 |  0.86835 |
|     24 |  36093 |  0.86754 |
|     25 |  36093 |  0.86659 |
|     26 |  36093 |  0.86596 |
|     27 |  36093 |  0.86576 |
|     28 |  36093 |  0.86565 |
|     29 |  36093 |  0.8656  |
+--------+--------+----------+
RMSD no longer decreasing
lbfgs minimizer stop: callback_after_step is True

================================================================================

Scale factors determined during minimisation have now been
applied to all reflections for dataset 0.

A round of outlier rejection has been performed, 
202 outliers have been identified. 

Performing profile/summation intensity optimisation.
+----------------+---------+---------+
| Combination    |   CC1/2 |   Rmeas |
|----------------+---------+---------|
| prf only       | 0.99414 | 0.10048 |
| sum only       | 0.99157 | 0.12674 |
| Imid = 69.75   | 0.9931  | 0.10608 |
| Imid = 3237.31 | 0.99415 | 0.10043 |
| Imid = 323.73  | 0.99398 | 0.10089 |
| Imid = 32.37   | 0.9928  | 0.11382 |
+----------------+---------+---------+
Combined intensities with Imid = 3237.31 determined to be best for scaling. 

A round of outlier rejection has been performed, 
200 outliers have been identified. 

Components to be refined in this cycle for all datasets: scale, decay, absorption
Performing a round of scaling with an LBFGS minimizer. 

Time taken for refinement 1.35

Refinement steps:
+--------+--------+----------+
|   Step |   Nref |   RMSD_I |
|        |        |    (a.u) |
|--------+--------+----------|
|      0 |  38393 |  1.0071  |
|      1 |  38393 |  0.99964 |
|      2 |  38393 |  0.98681 |
|      3 |  38393 |  0.97485 |
|      4 |  38393 |  0.96937 |
|      5 |  38393 |  0.96703 |
|      6 |  38393 |  0.96609 |
|      7 |  38393 |  0.96572 |
|      8 |  38393 |  0.96536 |
|      9 |  38393 |  0.9653  |
+--------+--------+----------+
RMSD no longer decreasing
lbfgs minimizer stop: callback_after_step is True

================================================================================

Scale factors determined during minimisation have now been
applied to all reflections for dataset 0.

A round of outlier rejection has been performed, 
146 outliers have been identified. 

Performing a round of error model refinement.

Error model details:
  Type: basic
  Parameters: a = 0.51454, b = 0.05651
  Error model formula: σ'² = a²(σ² + (bI)²)
  estimated I/sigma asymptotic limit: 34.391

Results of error model refinement. Uncorrected and corrected variances
of normalised intensity deviations for given intensity ranges. Variances
are expected to be ~1.0 for reliable errors (sigmas).
+--------------------------+----------+------------------------+----------------------+
| Intensity range (<Ih>)   |   n_refl |   Uncorrected variance |   Corrected variance |
|--------------------------+----------+------------------------+----------------------|
| 2419.13 - 584.67         |      250 |                  2.213 |                0.729 |
| 584.67 - 444.79          |      250 |                  1.842 |                1.019 |
| 444.79 - 375.87          |      250 |                  1.633 |                1.09  |
| 375.87 - 326.67          |      250 |                  1.564 |                1.172 |
| 326.67 - 245.96          |      706 |                  1.305 |                1.274 |
| 245.96 - 155.70          |     1771 |                  1.03  |                1.267 |
| 155.70 - 98.57           |     2799 |                  0.668 |                1.175 |
| 98.57 - 62.40            |     3577 |                  0.552 |                1.276 |
| 62.40 - 39.50            |     3813 |                  0.467 |                1.323 |
| 39.50 - 25.00            |     3039 |                  0.41  |                1.29  |
+--------------------------+----------+------------------------+----------------------+

Components to be refined in this cycle for all datasets: scale, decay, absorption
Performing a round of scaling with a Levenberg-Marquardt minimizer.

Time taken for refinement 2.65

Refinement steps:
+--------+--------+----------+
|   Step |   Nref |   RMSD_I |
|        |        |    (a.u) |
|--------+--------+----------|
|      0 |  38446 |   1.5619 |
|      1 |  38446 |   1.5419 |
|      2 |  38446 |   1.5243 |
|      3 |  38446 |   1.5124 |
|      4 |  38446 |   1.5084 |
|      5 |  38446 |   1.5069 |
|      6 |  38446 |   1.5063 |
|      7 |  38446 |   1.5062 |
+--------+--------+----------+
RMSD no longer decreasing

================================================================================

Components to be refined in this cycle for all datasets: scale, decay, absorption
Performing a round of scaling with a Levenberg-Marquardt minimizer.

Time taken for refinement 0.64

Refinement steps:
+--------+--------+----------+
|   Step |   Nref |   RMSD_I |
|        |        |    (a.u) |
|--------+--------+----------|
|      0 |  38446 |   1.5062 |
|      1 |  38446 |   1.5062 |
+--------+--------+----------+
RMSD no longer decreasing

================================================================================

Scale factors determined during minimisation have now been
applied to all reflections for dataset 0.

A round of outlier rejection has been performed, 
334 outliers have been identified. 

Performing a round of error model refinement.

Error model details:
  Type: basic
  Parameters: a = 0.48726, b = 0.05635
  Error model formula: σ'² = a²(σ² + (bI)²)
  estimated I/sigma asymptotic limit: 36.418

Results of error model refinement. Uncorrected and corrected variances
of normalised intensity deviations for given intensity ranges. Variances
are expected to be ~1.0 for reliable errors (sigmas).
+--------------------------+----------+------------------------+----------------------+
| Intensity range (<Ih>)   |   n_refl |   Uncorrected variance |   Corrected variance |
|--------------------------+----------+------------------------+----------------------|
| 2420.66 - 594.59         |      250 |                  2.45  |                0.852 |
| 594.59 - 447.69          |      250 |                  1.512 |                0.972 |
| 447.69 - 376.72          |      250 |                  1.519 |                1.1   |
| 376.72 - 328.82          |      250 |                  1.4   |                1.055 |
| 328.82 - 246.11          |      704 |                  1.125 |                1.15  |
| 246.11 - 155.80          |     1753 |                  0.863 |                1.156 |
| 155.80 - 98.63           |     2789 |                  0.56  |                1.121 |
| 98.63 - 62.44            |     3541 |                  0.476 |                1.211 |
| 62.44 - 39.53            |     3828 |                  0.386 |                1.238 |
| 39.53 - 25.01            |     3026 |                  0.341 |                1.216 |
+--------------------------+----------+------------------------+----------------------+


The reflection table variances have been adjusted to account for the
uncertainty in the scaling model

Total time taken: 13.2574s 

================================================================================

23.08% of model parameters have significant uncertainty
(sigma/abs(parameter) > 0.5)

Summary of dataset partialities
+------------------+----------+
| Partiality (p)   |   n_refl |
|------------------+----------|
| all reflections  |   176222 |
| p > 0.99         |   172390 |
| 0.5 < p < 0.99   |     2040 |
| 0.01 < p < 0.5   |     1527 |
| p < 0.01         |      265 |
+------------------+----------+

Reflections below a partiality_cutoff of 0.25 are not considered for any
part of the scaling analysis or for the reporting of merging statistics.
Additionally, if applicable, only reflections with a min_partiality > 0.25
were considered for use when refining the scaling model.


            ----------Merging statistics by resolution bin----------           

  d_max  d_min    #obs  #uniq  mult.   %comp    <I>  <I/sI>    r_mrg   r_meas    r_pim  r_anom  cc1/2  cc_ano 
  55.04   3.22   15842   4256   3.72   99.95  111.2    37.1    0.050    0.059    0.030   0.063  0.996*  0.015 
   3.22   2.56   15572   4161   3.74   99.98   34.2    18.0    0.103    0.121    0.062   0.135  0.987*  0.022 
   2.56   2.23   16053   4148   3.87  100.00   15.1    10.0    0.176    0.204    0.103   0.221  0.966* -0.009 
   2.23   2.03   14944   4147   3.60   99.93    9.5     6.4    0.254    0.298    0.154   0.335  0.933*  0.062*
   2.03   1.88   15885   4141   3.84   99.86    5.3     3.9    0.381    0.442    0.222   0.447  0.881* -0.052 
   1.88   1.77   15105   4103   3.68   99.93    2.7     2.2    0.602    0.702    0.357   0.720  0.759*  0.006 
   1.77   1.68   13324   4151   3.21   99.88    1.6     1.3    0.860    1.031    0.559   1.071  0.539* -0.004 
   1.68   1.61   12311   4129   2.98   99.95    1.0     0.8    1.276    1.555    0.874   1.338  0.314* -0.016 
   1.61   1.55   10717   4078   2.63   99.00    0.8     0.6    1.512    1.872    1.084   1.504  0.223*  0.003 
   1.55   1.50    9818   4043   2.43   98.04    0.6     0.4    2.165    2.703    1.587   1.753  0.153*  0.056 
   1.50   1.45    8972   3934   2.28   95.37    0.4     0.3    2.932    3.711    2.236   1.830  0.072* -0.034 
   1.45   1.41    8141   3865   2.11   93.65    0.3     0.2    4.323    5.520    3.380   1.982  0.030  -0.032 
   1.41   1.37    5728   3400   1.68   82.56    0.2     0.1    5.174    6.743    4.257   2.298  0.025  -0.056 
   1.37   1.34    4010   2784   1.44   67.99    0.2     0.1    7.782   10.423    6.851   2.615 -0.023  -0.037 
   1.34   1.31    2771   2241   1.24   54.61    0.1     0.1    9.472   13.002    8.855   3.049  0.050  -0.534 
   1.31   1.28    2066   1743   1.19   42.29    0.1     0.1    7.702   10.876    7.676   3.760 -0.027   0.000 
   1.28   1.25    1438   1244   1.16   30.41    0.1     0.1   24.386   34.487   24.386   4.014  0.002   0.000 
   1.25   1.23    1040    910   1.14   22.10    0.1     0.1  -10.167  -14.378  -10.167   4.656  0.009   0.000 
   1.23   1.21     609    534   1.14   13.06    0.1     0.1    6.157    8.708    6.157   4.101  0.106   0.000 
   1.21   1.19     213    190   1.12    4.59   -0.0     0.0   20.228   28.607   20.228   3.270 -0.345   0.000 
  54.99   1.19  174559  62202   2.81   75.27   12.4     5.5    0.130    0.154    0.082   0.182  0.995* -0.013 


Resolution limit suggested from CC½ fit (limit CC½=0.3): 1.59

            -------------Summary of merging statistics--------------           

                                            Suggested   Low    High  Overall
High resolution limit                           1.59    4.30    1.59    1.19
Low resolution limit                           54.99   55.02    1.61   54.99
Completeness                                   99.9    99.9    99.9    75.3
Multiplicity                                    3.5     3.8     2.8     2.8
I/sigma                                         9.6    41.0     0.6     5.5
Rmerge(I)                                     0.113   0.043   1.491   0.130
Rmerge(I+/-)                                  0.095   0.037   1.436   0.105
Rmeas(I)                                      0.133   0.050   1.836   0.154
Rmeas(I+/-)                                   0.128   0.050   1.961   0.142
Rpim(I)                                       0.068   0.025   1.052   0.082
Rpim(I+/-)                                    0.085   0.034   1.328   0.095
CC half                                       0.996   0.997   0.185   0.995
Anomalous completeness                         94.2    97.9    85.8    55.3
Anomalous multiplicity                          1.9     2.0     1.6     1.6
Anomalous correlation                        -0.014  -0.057   0.047  -0.013
Anomalous slope                               1.021                        
dF/F                                          0.124                        
dI/s(dI)                                      0.971                        
Total observations                           123458    6812    4875  174559
Total unique                                  34791    1813    1711   62202

Writing html report to dials.scale.html
Saving the scaled experiments to scaled.expt
Saving the scaled reflections to scaled.refl
See dials.github.io/dials_scale_user_guide.html for more info on scaling options
