DIALS 3.dev.1527-g14f881d4a4
The following parameters have been modified:

best_monoclinic_beta = False
input {
  experiments = integrated.expt
  reflections = integrated.refl
}

================================================================================

Performing Laue group analysis

Mapping all input cells to a common minimum cell
Filtering reflections for dataset 0
Read 176540 predicted reflections
Selected 167229 reflections integrated by profile and summation methods
Combined 309 partial reflections with other partial reflections
Removed 3 intensity.sum.value reflections with I/Sig(I) < -5
Removed 60 intensity.prf.value reflections with I/Sig(I) < -5
A round of outlier rejection has been performed, 
123 outliers have been identified. 

Patterson group: C 1 2/m 1 (z,x+y,-2*x)

--------------------------------------------------------------------------------

Normalising intensities for dataset 1

ML estimate of overall B_cart value:
   8.43,  0.18,  1.15
          9.32,  0.90
                 5.74
ML estimate of  -log of scale factor:
  -3.21

--------------------------------------------------------------------------------

Estimation of resolution for Laue group analysis

Removing 9 Wilson outliers with E^2 >= 16.0
Resolution estimate from <I>/<σ(I)> > 4.0 : 2.84
Resolution estimate from CC½ > 0.60: 1.92
High resolution limit set to: 1.92
Selecting 61826 reflections with d > 1.92

Input crystal symmetry:
Unit cell: (44.3888, 53.1283, 62.3787, 115.205, 101.777, 90)
Space group: P 1 (No. 1)
Change of basis op to minimum cell: -a,-b,c
Crystal symmetry in minimum cell:
Unit cell: (44.3888, 53.1283, 62.3787, 64.7953, 78.2231, 90)
Space group: P 1 (No. 1)
Lattice point group: C 1 2/m 1 (z,x+y,-2*x)

Overall CC for 20000 unrelated pairs: 0.259
Estimated expectation value of true correlation coefficient E(CC) = 0.926
Estimated sd(CC) = 0.856 / sqrt(N)
Estimated E(CC) of true correlation coefficient from identity = 0.928

--------------------------------------------------------------------------------

Scoring individual symmetry elements

+--------------+--------+------+-------+----+------------------+
|   likelihood |   Z-CC |   CC |     N |    | Operator         |
|--------------+--------+------+-------+----+------------------|
|        0.898 |   9.27 | 0.93 | 51338 | ** | a:  1 |(0, 0, 0) |
|        0.853 |   8.77 | 0.88 | 50652 | ** | b:  2 |(0, 1, 0) |
+--------------+--------+------+-------+----+------------------+

--------------------------------------------------------------------------------

Scoring all possible sub-groups

+-------------------+-----+--------------+----------+--------+--------+------+-------+------------+--------------------+------------+
| Patterson group   |     |   Likelihood |   NetZcc |   Zcc+ |   Zcc- |   CC |   CC- |   delta(°) | Reindex operator   | Elements   |
|-------------------+-----+--------------+----------+--------+--------+------+-------+------------+--------------------+------------|
| C 1 2/m 1         | *** |        0.853 |     9.02 |   9.02 |   0    | 0.9  |  0    |          0 | -b-2*c,-b,-a       | ab         |
| P -1              |     |        0.147 |     0.5  |   9.27 |   8.77 | 0.93 |  0.88 |          0 | -a,-b,c            | a.         |
+-------------------+-----+--------------+----------+--------+--------+------+-------+------------+--------------------+------------+

Best solution: C 1 2/m 1
Unit cell: 112.879, 53.128, 44.389, 90.000, 103.037, 90.000
Reindex operator: -b-2*c,-b,-a
Laue group probability: 0.853
Laue group confidence: 0.776

+-------------------+--------------------------+
| Patterson group   | Corresponding MX group   |
|-------------------+--------------------------|
| C 1 2/m 1         | C 1 2 1                  |
+-------------------+--------------------------+
================================================================================

Analysing systematic absences

Laue group: C 1 2/m 1
No absences to check for this laue group

Saving reindexed experiments to symmetrized.expt in space group C 1 2 1
Saving 176540 reindexed reflections to symmetrized.refl
