The following parameters have been modified:

input {
  experiments = scaled.expt
  reflections = scaled.refl
}

DIALS 3.dev.1510-ge12de1a7a7
Detected existence of a multi-dataset reflection table 
containing 4 datasets. 

Read 74952 predicted reflections
Selected 54541 scaled reflections
Combined 18 partial reflections with other partial reflections
Removed 57 reflections below partiality threshold
Read 74323 predicted reflections
Selected 54724 scaled reflections
Combined 30 partial reflections with other partial reflections
Removed 64 reflections below partiality threshold
Read 76579 predicted reflections
Selected 54240 scaled reflections
Combined 24 partial reflections with other partial reflections
Removed 49 reflections below partiality threshold
Read 75406 predicted reflections
Selected 54121 scaled reflections
Combined 14 partial reflections with other partial reflections
Removed 45 reflections below partiality threshold
Using median unit cell across experiments : (68.3603, 68.3603, 103.953, 90, 90, 90)
Removing 9 Wilson outliers with E^2 >= 16.0
Resolution cc_half:       1.78
Resolution cc_half_significance_level:    1.78
