DIALS 3.dev.1510-ge12de1a7a7
The following parameters have been modified:
cut_data {
  d_min = 1.78
}
input {
  experiments = scaled.expt
  reflections = scaled.refl
}

Checking for the existence of a reflection table 
containing multiple datasets 

Detected existence of a multi-dataset reflection table 
containing 4 datasets. 

Found 4 reflection tables & 4 experiments in total.

Dataset ids are: 0,1,2,3 

Set scaling_options.full_matrix=True
Set reflection_selection.method=quasi_random
Space group being used during scaling is P 4 2 2
Set small scale cutoff to 0.001
Using median unit cell across experiments : (68.3603, 68.3603, 103.953, 90, 90, 90)

Scaling models have been initialised for all experiments.

================================================================================

The experiment id for this dataset is 0.
The scaling model type being applied is physical. 

Applying filter of min_isigi > -5.0, partiality > 0.25
Read 74952 predicted reflections
Selected 57758 reflections integrated by profile or summation methods
Removed 1688 reflections below partiality threshold
Removed 0 intensity.sum.value reflections with I/Sig(I) < -5.0
Removed 14 intensity.prf.value reflections with I/Sig(I) < -5.0
Excluding 19951/74952 reflections
Reflections passing individual criteria:
criterion: user excluded, reflections: 12377
criterion: excluded for scaling, reflections: 19951

The following corrections will be applied to this dataset: 

+--------------+----------------+
| correction   |   n_parameters |
|--------------+----------------|
| scale        |             10 |
| decay        |              8 |
| absorption   |             24 |
+--------------+----------------+
Loaded error model: 
Error model details:
  Type: basic
  Parameters: a = 0.76624, b = 0.06334
  Error model formula: σ'² = a²(σ² + (bI)²)
  estimated I/sigma asymptotic limit: 20.605

Using previously determined optimal intensity choice: 1550.7447

Completed preprocessing and initialisation for this dataset.

================================================================================

The experiment id for this dataset is 1.
The scaling model type being applied is physical. 

Applying filter of min_isigi > -5.0, partiality > 0.25
Read 74323 predicted reflections
Selected 58232 reflections integrated by profile or summation methods
Removed 1804 reflections below partiality threshold
Removed 0 intensity.sum.value reflections with I/Sig(I) < -5.0
Removed 14 intensity.prf.value reflections with I/Sig(I) < -5.0
Excluding 19059/74323 reflections
Reflections passing individual criteria:
criterion: user excluded, reflections: 11741
criterion: excluded for scaling, reflections: 19059

The following corrections will be applied to this dataset: 

+--------------+----------------+
| correction   |   n_parameters |
|--------------+----------------|
| scale        |             10 |
| decay        |              8 |
| absorption   |             24 |
+--------------+----------------+
Loaded error model: 
Error model details:
  Type: basic
  Parameters: a = 0.76624, b = 0.06334
  Error model formula: σ'² = a²(σ² + (bI)²)
  estimated I/sigma asymptotic limit: 20.605

Using previously determined optimal intensity choice: 1550.7447

Completed preprocessing and initialisation for this dataset.

================================================================================

The experiment id for this dataset is 2.
The scaling model type being applied is physical. 

Applying filter of min_isigi > -5.0, partiality > 0.25
Read 76579 predicted reflections
Selected 57792 reflections integrated by profile or summation methods
Removed 1783 reflections below partiality threshold
Removed 0 intensity.sum.value reflections with I/Sig(I) < -5.0
Removed 8 intensity.prf.value reflections with I/Sig(I) < -5.0
Excluding 21709/76579 reflections
Reflections passing individual criteria:
criterion: user excluded, reflections: 13941
criterion: excluded for scaling, reflections: 21709

The following corrections will be applied to this dataset: 

+--------------+----------------+
| correction   |   n_parameters |
|--------------+----------------|
| scale        |             10 |
| decay        |              8 |
| absorption   |             24 |
+--------------+----------------+
Loaded error model: 
Error model details:
  Type: basic
  Parameters: a = 0.76624, b = 0.06334
  Error model formula: σ'² = a²(σ² + (bI)²)
  estimated I/sigma asymptotic limit: 20.605

Using previously determined optimal intensity choice: 1550.7447

Completed preprocessing and initialisation for this dataset.

================================================================================

The experiment id for this dataset is 3.
The scaling model type being applied is physical. 

Applying filter of min_isigi > -5.0, partiality > 0.25
Read 75406 predicted reflections
Selected 57424 reflections integrated by profile or summation methods
Removed 1708 reflections below partiality threshold
Removed 0 intensity.sum.value reflections with I/Sig(I) < -5.0
Removed 5 intensity.prf.value reflections with I/Sig(I) < -5.0
Excluding 20725/75406 reflections
Reflections passing individual criteria:
criterion: user excluded, reflections: 12754
criterion: excluded for scaling, reflections: 20725

The following corrections will be applied to this dataset: 

+--------------+----------------+
| correction   |   n_parameters |
|--------------+----------------|
| scale        |             10 |
| decay        |              8 |
| absorption   |             24 |
+--------------+----------------+
Loaded error model: 
Error model details:
  Type: basic
  Parameters: a = 0.76624, b = 0.06334
  Error model formula: σ'² = a²(σ² + (bI)²)
  estimated I/sigma asymptotic limit: 20.605

Using previously determined optimal intensity choice: 1550.7447

Completed preprocessing and initialisation for this dataset.

================================================================================

Configuring a MultiScaler to handle the individual Scalers. 

Determining symmetry equivalent reflections across datasets.


Using quasi-random reflection selection. Selecting from 17136 symmetry groups
with <I/sI> > 1.0 (204032 reflections)). Selection target of 717.54 reflections
from each dataset, with a total number between 11480.59 and 13776.71.

Summary of cross-dataset reflection groups chosen (1289 groups, 13648 reflections):
+---------------+------------+----------+-----+-----+-----+-----+
| d-range       |   n_groups |   n_refl |   0 |   1 |   2 |   3 |
|---------------+------------+----------+-----+-----+-----+-----|
| 68.43 - 7.961 |         42 |      689 | 105 | 203 | 178 | 203 |
| 7.961 - 5.649 |         31 |      727 |  70 | 241 | 199 | 217 |
| 5.649 - 4.617 |         33 |      831 |  72 | 277 | 231 | 251 |
| 4.617 - 4.001 |         34 |      913 |  70 | 305 | 262 | 276 |
| 4.001 - 3.58  |         37 |      982 |  72 | 324 | 285 | 301 |
| 3.58 - 3.269  |         31 |      885 |  72 | 296 | 242 | 275 |
| 3.269 - 3.027 |         34 |      846 |  70 | 277 | 228 | 271 |
| 3.027 - 2.832 |         31 |      776 |  70 | 253 | 210 | 243 |
| 2.832 - 2.67  |         34 |      818 |  71 | 263 | 220 | 264 |
| 2.67 - 2.533  |         34 |      773 |  71 | 248 | 207 | 247 |
| 2.533 - 2.415 |         42 |      811 | 105 | 268 | 274 | 164 |
| 2.415 - 2.313 |         38 |      551 | 104 | 177 | 200 |  70 |
| 2.313 - 2.222 |         41 |      524 | 121 | 165 | 168 |  70 |
| 2.222 - 2.141 |         46 |      505 | 133 | 164 | 137 |  71 |
| 2.141 - 2.069 |         77 |      594 | 153 | 176 | 105 | 160 |
| 2.069 - 2.003 |        104 |      582 | 150 | 150 | 105 | 177 |
| 2.003 - 1.943 |        137 |      657 | 159 | 217 | 141 | 140 |
| 1.943 - 1.889 |        205 |      614 | 141 | 172 | 161 | 140 |
| 1.889 - 1.838 |        213 |      474 |  83 | 125 | 132 | 134 |
| 1.838 - 1.792 |         45 |       96 |  21 |  28 |  32 |  15 |
+---------------+------------+----------+-----+-----+-----+-----+
Summary of reflections chosen for minimisation from each dataset (52602 total):
+--------------+------------------+----------------------+----------------------+--------------------+
| Dataset id   |     reflections  |   randomly selected  |   randomly selected  |   combined number  |
|              |    connected to  |         reflections  |         reflections  |     of reflections |
|              |   other datasets |       within dataset |      across datasets |                    |
|--------------+------------------+----------------------+----------------------+--------------------|
| 0            |             1913 |                 4571 |                 6311 |              11942 |
| 1            |             4329 |                 4781 |                 6213 |              13781 |
| 2            |             3717 |                 4670 |                 6342 |              13313 |
| 3            |             3689 |                 4951 |                 6273 |              13566 |
| total        |            13648 |                18973 |                25139 |              52602 |
+--------------+------------------+----------------------+----------------------+--------------------+
Completed configuration of MultiScaler. 

================================================================================

Components to be refined in this cycle for all datasets: scale, decay, absorption
Performing a round of scaling with an LBFGS minimizer. 

Time taken for refinement 0.77

Refinement steps:
+--------+--------+----------+
|   Step |   Nref |   RMSD_I |
|        |        |    (a.u) |
|--------+--------+----------|
|      0 |  52602 |   1.1388 |
|      1 |  52602 |   1.1387 |
+--------+--------+----------+
RMSD no longer decreasing
lbfgs minimizer stop: callback_after_step is True

================================================================================

Scale factors determined during minimisation have now been
applied to all datasets.

Combined outlier rejection has been performed across multiple datasets, 
2454 outliers have been identified. 

Performing multi-dataset profile/summation intensity optimisation.
+-----------------+---------+---------+
| Combination     |   CC1/2 |   Rmeas |
|-----------------+---------+---------|
| prf only        | 0.99779 | 0.05684 |
| sum only        | 0.99904 | 0.06065 |
| Imid = 881.51   | 0.99927 | 0.0539  |
| Imid = 15507.45 | 0.99907 | 0.05553 |
| Imid = 1550.74  | 0.99927 | 0.05382 |
| Imid = 155.07   | 0.99916 | 0.0564  |
+-----------------+---------+---------+
Combined intensities with Imid = 1550.74 determined to be best for scaling. 

Combined outlier rejection has been performed across multiple datasets, 
341 outliers have been identified. 

Components to be refined in this cycle for all datasets: scale, decay, absorption
Performing a round of scaling with an LBFGS minimizer. 

Time taken for refinement 0.76

Refinement steps:
+--------+--------+----------+
|   Step |   Nref |   RMSD_I |
|        |        |    (a.u) |
|--------+--------+----------|
|      0 |  52517 |   1.0519 |
|      1 |  52517 |   1.0518 |
+--------+--------+----------+
RMSD no longer decreasing
lbfgs minimizer stop: callback_after_step is True

================================================================================

Scale factors determined during minimisation have now been
applied to all datasets.

Combined outlier rejection has been performed across multiple datasets, 
346 outliers have been identified. 

Determining a combined error model for all datasets
Performing a round of error model refinement.

Error model details:
  Type: basic
  Parameters: a = 0.76277, b = 0.06389
  Error model formula: σ'² = a²(σ² + (bI)²)
  estimated I/sigma asymptotic limit: 20.519

Results of error model refinement. Uncorrected and corrected variances
of normalised intensity deviations for given intensity ranges. Variances
are expected to be ~1.0 for reliable errors (sigmas).
+--------------------------+----------+------------------------+----------------------+
| Intensity range (<Ih>)   |   n_refl |   Uncorrected variance |   Corrected variance |
|--------------------------+----------+------------------------+----------------------|
| 10231.74 - 1831.13       |     1438 |                 32.273 |                1.059 |
| 1831.13 - 1403.51        |     1438 |                 14.861 |                0.927 |
| 1403.51 - 1161.25        |     1606 |                 12.681 |                0.961 |
| 1161.25 - 562.23         |    12153 |                  7.946 |                0.964 |
| 562.23 - 272.21          |    24582 |                  3.968 |                1.048 |
| 272.21 - 131.80          |    35860 |                  2.282 |                1.177 |
| 131.80 - 63.81           |    36779 |                  1.46  |                1.226 |
| 63.81 - 30.89            |    25089 |                  1.044 |                1.19  |
| 30.89 - 7.23             |     4808 |                  0.997 |                1.186 |
+--------------------------+----------+------------------------+----------------------+

Components to be refined in this cycle for all datasets: scale, decay, absorption
Performing a round of scaling with a Levenberg-Marquardt minimizer.

Time taken for refinement 9.16

Refinement steps:
+--------+--------+----------+
|   Step |   Nref |   RMSD_I |
|        |        |    (a.u) |
|--------+--------+----------|
|      0 |  52516 |   1.0519 |
|      1 |  52516 |   1.0512 |
|      2 |  52516 |   1.051  |
|      3 |  52516 |   1.0508 |
|      4 |  52516 |   1.0508 |
+--------+--------+----------+
RMSD no longer decreasing

================================================================================

Components to be refined in this cycle for all datasets: scale, decay, absorption
Performing a round of scaling with a Levenberg-Marquardt minimizer.

Time taken for refinement 3.58

Refinement steps:
+--------+--------+----------+
|   Step |   Nref |   RMSD_I |
|        |        |    (a.u) |
|--------+--------+----------|
|      0 |  52516 |   1.0508 |
|      1 |  52516 |   1.0507 |
+--------+--------+----------+
RMSD no longer decreasing

================================================================================

Calculating error estimates of inverse scale factors. 

Scale factors determined during minimisation have now been
applied to all datasets.

Combined outlier rejection has been performed across multiple datasets, 
356 outliers have been identified. 

Determining a combined error model for all datasets
Performing a round of error model refinement.

Error model details:
  Type: basic
  Parameters: a = 0.76851, b = 0.06298
  Error model formula: σ'² = a²(σ² + (bI)²)
  estimated I/sigma asymptotic limit: 20.662

Results of error model refinement. Uncorrected and corrected variances
of normalised intensity deviations for given intensity ranges. Variances
are expected to be ~1.0 for reliable errors (sigmas).
+--------------------------+----------+------------------------+----------------------+
| Intensity range (<Ih>)   |   n_refl |   Uncorrected variance |   Corrected variance |
|--------------------------+----------+------------------------+----------------------|
| 10211.96 - 1830.23       |     1438 |                 30.853 |                1.033 |
| 1830.23 - 1403.77        |     1438 |                 14.707 |                0.924 |
| 1403.77 - 1160.28        |     1613 |                 12.938 |                0.97  |
| 1160.28 - 561.97         |    12136 |                  7.863 |                0.967 |
| 561.97 - 272.19          |    24584 |                  3.954 |                1.054 |
| 272.19 - 131.83          |    35818 |                  2.272 |                1.176 |
| 131.83 - 63.85           |    36791 |                  1.459 |                1.221 |
| 63.85 - 30.93            |    25110 |                  1.043 |                1.181 |
| 30.93 - 7.24             |     4849 |                  0.994 |                1.176 |
+--------------------------+----------+------------------------+----------------------+


The reflection table variances have been adjusted to account for the
uncertainty in the scaling models for all datasets
Using median unit cell across experiments : (68.3603, 68.3603, 103.953, 90, 90, 90)

Total time taken: 21.0093s 

================================================================================

47.62% of model parameters have significant uncertainty
(sigma/abs(parameter) > 0.5)

Summary of dataset partialities
+------------------+----------+
| Partiality (p)   |   n_refl |
|------------------+----------|
| all reflections  |   301260 |
| p > 0.99         |   246904 |
| 0.5 < p < 0.99   |     2533 |
| 0.01 < p < 0.5   |     5463 |
| p < 0.01         |    46360 |
+------------------+----------+

Reflections below a partiality_cutoff of 0.25 are not considered for any
part of the scaling analysis or for the reporting of merging statistics.
Additionally, if applicable, only reflections with a min_partiality > 0.25
were considered for use when refining the scaling model.


            ----------Merging statistics by resolution bin----------           

  d_max  d_min    #obs  #uniq  mult.   %comp    <I>  <I/sI>  r_mrg  r_meas  r_pim  r_anom  cc1/2  cc_ano 
  68.41   4.83   21441   1380  15.54  100.00  296.9    57.1  0.047   0.049  0.012   0.025  0.999* -0.129 
   4.83   3.84   20940   1271  16.48  100.00  436.2    60.7  0.045   0.047  0.011   0.024  0.999*  0.019 
   3.84   3.35   20718   1256  16.50  100.00  333.5    56.9  0.049   0.050  0.012   0.026  0.999* -0.051 
   3.35   3.05   20869   1226  17.02  100.00  230.0    52.4  0.054   0.055  0.013   0.028  0.999* -0.045 
   3.05   2.83   20741   1221  16.99  100.00  158.7    46.1  0.060   0.062  0.015   0.032  0.999* -0.047 
   2.83   2.66   21328   1233  17.30  100.00  131.8    43.8  0.065   0.067  0.016   0.035  0.998* -0.154 
   2.66   2.53   20436   1197  17.07  100.00  104.2    37.3  0.074   0.077  0.018   0.041  0.998*  0.129*
   2.53   2.42   16696   1212  13.78  100.00   92.9    31.8  0.080   0.083  0.022   0.048  0.997* -0.014 
   2.42   2.32   12555   1213  10.35   99.92   83.9    27.3  0.082   0.086  0.026   0.060  0.997*  0.007 
   2.32   2.24   10433   1207   8.64   99.92   79.2    23.7  0.083   0.089  0.030   0.066  0.996* -0.096 
   2.24   2.17    8644   1191   7.26   99.75   70.5    20.0  0.087   0.094  0.034   0.069  0.993* -0.188 
   2.17   2.11    6958   1189   5.85   99.33   59.8    15.9  0.097   0.106  0.043   0.094  0.991* -0.122 
   2.11   2.06    5481   1147   4.78   95.98   54.3    13.3  0.097   0.109  0.047   0.106  0.992* -0.002 
   2.06   2.01    4342   1110   3.91   92.65   46.8    11.0  0.110   0.125  0.059   0.127  0.986* -0.031 
   2.01   1.96    3146   1029   3.06   86.40   40.1     8.6  0.121   0.144  0.076   0.170  0.975* -0.029 
   1.96   1.92    2117    930   2.28   77.44   36.1     7.1  0.121   0.150  0.087   0.169  0.966* -0.395 
   1.92   1.88    1173    716   1.64   60.17   30.6     5.1  0.137   0.182  0.118   0.249  0.950*  0.938 
   1.88   1.84     816    564   1.45   48.83   26.9     4.4  0.156   0.212  0.143   0.362  0.942*  0.000 
   1.84   1.81     489    383   1.28   31.63   24.2     3.7  0.183   0.250  0.171   0.289  0.909*  0.000 
   1.81   1.78     137    125   1.10   10.52   16.8     2.5  0.136   0.188  0.130   1.329  0.955*  0.000 
  68.36   1.78  219460  20800  10.55   85.45  136.9    30.8  0.057   0.059  0.016   0.040  0.999* -0.082 



            -------------Summary of merging statistics--------------           

                                             Overall    Low     High
High resolution limit                           1.78    4.83    1.78
Low resolution limit                           68.36   68.41    1.81
Completeness                                   85.4   100.0    10.5
Multiplicity                                   10.6    15.5     1.1
I/sigma                                        30.8    57.1     2.5
Rmerge(I)                                     0.057   0.047   0.136
Rmerge(I+/-)                                  0.055   0.046   0.116
Rmeas(I)                                      0.059   0.049   0.188
Rmeas(I+/-)                                   0.059   0.049   0.160
Rpim(I)                                       0.016   0.012   0.130
Rpim(I+/-)                                    0.021   0.016   0.109
CC half                                       0.999   0.999   0.955
Anomalous completeness                         69.4   100.0     0.2
Anomalous multiplicity                          6.2     9.4     1.1
Anomalous correlation                        -0.082  -0.129   0.000
Anomalous slope                               1.031
dF/F                                          0.037
dI/s(dI)                                      0.848
Total observations                           219460   21441     137
Total unique                                  20800    1380     125

Writing html report to dials.scale.html
Saving the scaled experiments to scaled.expt
Saving the scaled reflections to scaled.refl
See dials.github.io/dials_scale_user_guide.html for more info on scaling options
