Read 301260 predicted reflections
Selected 219465 scaled reflections
Removed 338 reflections below partiality threshold
Resolution bins
0: 68.363, 5.616
1: 5.616, 3.978
2: 3.978, 3.250
3: 3.250, 2.815
4: 2.815, 2.518
5: 2.518, 2.299
6: 2.299, 2.129
7: 2.129, 1.991
8: 1.991, 1.878
9: 1.878, 1.781

Summary of input data:
# Datasets: 4
# Groups: 4
# Reflections: 219127
# Unique reflections: 20799
CC 1/2 mean: 99.293
CC 1/2 excluding group 0: 99.330
CC 1/2 excluding group 1: 99.310
CC 1/2 excluding group 2: 99.274
CC 1/2 excluding group 3: 99.203
Dataset: 0, ΔCC½: -0.037
Dataset: 1, ΔCC½: -0.017
Dataset: 2, ΔCC½: 0.019
Dataset: 3, ΔCC½: 0.090

mean delta_cc_half: 0.014
stddev delta_cc_half: 0.048
cutoff value: -0.180 

Writing table to delta_cchalf.dat
Saving 301260 reflections to filtered.refl
Saving the experiments to filtered.expt
Writing html report to: compute_delta_cchalf.html
