DIALS 3.dev.1510-ge12de1a7a7
The following parameters have been modified:

laue_group = None
input {
  experiments = scaled.expt
  reflections = scaled.refl
}

Detected existence of a multi-dataset reflection table 
containing 4 datasets. 

================================================================================

Analysing systematic absences

Laue group: P 4/m m m
Read 74952 predicted reflections
Selected 54957 scaled reflections
Combined 48 partial reflections with other partial reflections
Removed 47 reflections below partiality threshold
Read 74323 predicted reflections
Selected 55167 scaled reflections
Combined 67 partial reflections with other partial reflections
Removed 46 reflections below partiality threshold
Read 76579 predicted reflections
Selected 54768 scaled reflections
Combined 58 partial reflections with other partial reflections
Removed 33 reflections below partiality threshold
Read 75406 predicted reflections
Selected 54568 scaled reflections
Combined 42 partial reflections with other partial reflections
Removed 38 reflections below partiality threshold
Using median unit cell across experiments : (68.3603, 68.3603, 103.953, 90, 90, 90)
Removing 9 Wilson outliers with E^2 >= 16.0
Resolution estimate from <I>/<σ(I)> > 4.0 : 1.83
Resolution estimate from CC½ > 0.60: 1.78
Performing systematic absence checks on scaled data
Read 301260 predicted reflections
Selected 219460 scaled reflections
Removed 1 reflections with d <= 1.78
Combined 48 partial reflections with other partial reflections
Combined 67 partial reflections with other partial reflections
Combined 58 partial reflections with other partial reflections
Combined 42 partial reflections with other partial reflections
Removed 164 reflections below partiality threshold
Laue group: P 4/m m m
Scoring method: direct
+--------------+---------+---------------+--------------+---------------+--------------+-------------------+------------------+
| Screw axis   |   Score |   No. present |   No. absent |   <I> present |   <I> absent |   <I/sig> present |   <I/sig> absent |
|--------------+---------+---------------+--------------+---------------+--------------+-------------------+------------------|
| 41c          |       1 |            12 |           34 |       608.398 |        0.089 |            31.191 |            0.487 |
| 21a          |       1 |            14 |           14 |       876.566 |        0.474 |            23.054 |            1.179 |
| 42c          |       1 |            24 |           22 |       304.021 |        0.331 |            15.978 |            0.335 |
+--------------+---------+---------------+--------------+---------------+--------------+-------------------+------------------+
+---------------+---------+
| Space group   |   score |
|---------------+---------|
| P 4 2 2       |       0 |
| P 4 21 2      |       0 |
| P 41 2 2      |       0 |
| P 42 2 2      |       0 |
| P 41 21 2     |       1 |
| P 42 21 2     |       0 |
+---------------+---------+
Recommended space group: P 41 21 2
Space group with equivalent score (enantiomorphic pair): P 43 21 2
Saving reindexed experiments to symmetrized.expt in space group P 41 21 2
Saving 301260 reindexed reflections to symmetrized.refl
