DIALS 3.dev.1510-ge12de1a7a7
The following parameters have been modified:
input {
  experiments = symmetrized.expt
  reflections = symmetrized.refl
}

Checking for the existence of a reflection table 
containing multiple datasets 

Detected existence of a multi-dataset reflection table 
containing 4 datasets. 

Found 4 reflection tables & 4 experiments in total.

Dataset ids are: 0,1,2,3 

Set scaling_options.full_matrix=True
Set reflection_selection.method=quasi_random
Space group being used during scaling is P 4 2 2
Set small scale cutoff to 0.001
Using median unit cell across experiments : (68.3603, 68.3603, 103.953, 90, 90, 90)

Scaling models have been initialised for all experiments.

================================================================================

The experiment id for this dataset is 0.
The scaling model type being applied is physical. 

Applying filter of min_isigi > -5.0, partiality > 0.25
Read 76079 predicted reflections
Selected 58885 reflections integrated by profile or summation methods
Removed 2585 reflections below partiality threshold
Removed 0 intensity.sum.value reflections with I/Sig(I) < -5.0
Removed 1 intensity.prf.value reflections with I/Sig(I) < -5.0
Combined 1127 partial reflections with other partial reflections
Excluding 20382/74952 reflections
Reflections passing individual criteria:
criterion: user excluded, reflections: 12811
criterion: excluded for scaling, reflections: 20382

The following corrections will be applied to this dataset: 

+--------------+----------------+
| correction   |   n_parameters |
|--------------+----------------|
| scale        |             10 |
| decay        |              8 |
| absorption   |             24 |
+--------------+----------------+
Loaded error model: 
Error model details:
  Type: basic
  Parameters: a = 1.00000, b = 0.02000
  Error model formula: σ'² = a²(σ² + (bI)²)
  estimated I/sigma asymptotic limit: 50.000

A round of outlier rejection has been performed, 
2266 outliers have been identified. 

Completed preprocessing and initialisation for this dataset.

================================================================================

The experiment id for this dataset is 1.
The scaling model type being applied is physical. 

Applying filter of min_isigi > -5.0, partiality > 0.25
Read 75607 predicted reflections
Selected 59516 reflections integrated by profile or summation methods
Removed 2805 reflections below partiality threshold
Removed 0 intensity.sum.value reflections with I/Sig(I) < -5.0
Removed 0 intensity.prf.value reflections with I/Sig(I) < -5.0
Combined 1284 partial reflections with other partial reflections
Excluding 19541/74323 reflections
Reflections passing individual criteria:
criterion: user excluded, reflections: 12234
criterion: excluded for scaling, reflections: 19541

The following corrections will be applied to this dataset: 

+--------------+----------------+
| correction   |   n_parameters |
|--------------+----------------|
| scale        |             10 |
| decay        |              8 |
| absorption   |             24 |
+--------------+----------------+
Loaded error model: 
Error model details:
  Type: basic
  Parameters: a = 1.00000, b = 0.02000
  Error model formula: σ'² = a²(σ² + (bI)²)
  estimated I/sigma asymptotic limit: 50.000

A round of outlier rejection has been performed, 
99 outliers have been identified. 

Completed preprocessing and initialisation for this dataset.

================================================================================

The experiment id for this dataset is 2.
The scaling model type being applied is physical. 

Applying filter of min_isigi > -5.0, partiality > 0.25
Read 77983 predicted reflections
Selected 59196 reflections integrated by profile or summation methods
Removed 2878 reflections below partiality threshold
Removed 0 intensity.sum.value reflections with I/Sig(I) < -5.0
Removed 0 intensity.prf.value reflections with I/Sig(I) < -5.0
Combined 1404 partial reflections with other partial reflections
Excluding 22247/76579 reflections
Reflections passing individual criteria:
criterion: user excluded, reflections: 14481
criterion: excluded for scaling, reflections: 22247

The following corrections will be applied to this dataset: 

+--------------+----------------+
| correction   |   n_parameters |
|--------------+----------------|
| scale        |             10 |
| decay        |              8 |
| absorption   |             24 |
+--------------+----------------+
Loaded error model: 
Error model details:
  Type: basic
  Parameters: a = 1.00000, b = 0.02000
  Error model formula: σ'² = a²(σ² + (bI)²)
  estimated I/sigma asymptotic limit: 50.000

A round of outlier rejection has been performed, 
282 outliers have been identified. 

Completed preprocessing and initialisation for this dataset.

================================================================================

The experiment id for this dataset is 3.
The scaling model type being applied is physical. 

Applying filter of min_isigi > -5.0, partiality > 0.25
Read 76468 predicted reflections
Selected 58486 reflections integrated by profile or summation methods
Removed 2521 reflections below partiality threshold
Removed 0 intensity.sum.value reflections with I/Sig(I) < -5.0
Removed 1 intensity.prf.value reflections with I/Sig(I) < -5.0
Combined 1062 partial reflections with other partial reflections
Excluding 21123/75406 reflections
Reflections passing individual criteria:
criterion: user excluded, reflections: 13150
criterion: excluded for scaling, reflections: 21123

The following corrections will be applied to this dataset: 

+--------------+----------------+
| correction   |   n_parameters |
|--------------+----------------|
| scale        |             10 |
| decay        |              8 |
| absorption   |             24 |
+--------------+----------------+
Loaded error model: 
Error model details:
  Type: basic
  Parameters: a = 1.00000, b = 0.02000
  Error model formula: σ'² = a²(σ² + (bI)²)
  estimated I/sigma asymptotic limit: 50.000

A round of outlier rejection has been performed, 
4729 outliers have been identified. 

Completed preprocessing and initialisation for this dataset.

================================================================================

Configuring a MultiScaler to handle the individual Scalers. 

Determining symmetry equivalent reflections across datasets.


Using quasi-random reflection selection. Selecting from 17109 symmetry groups
with <I/sI> > 1.0 (201962 reflections)). Selection target of 711.45 reflections
from each dataset, with a total number between 11383.22 and 13659.87.

Summary of cross-dataset reflection groups chosen (1278 groups, 13398 reflections):
+---------------+------------+----------+-----+-----+-----+-----+
| d-range       |   n_groups |   n_refl |   0 |   1 |   2 |   3 |
|---------------+------------+----------+-----+-----+-----+-----|
| 68.43 - 7.961 |         42 |      689 | 105 | 203 | 178 | 203 |
| 7.961 - 5.649 |         31 |      727 |  70 | 241 | 199 | 217 |
| 5.649 - 4.617 |         33 |      831 |  72 | 277 | 231 | 251 |
| 4.617 - 4.001 |         34 |      913 |  70 | 305 | 262 | 276 |
| 4.001 - 3.58  |         37 |      982 |  72 | 324 | 285 | 301 |
| 3.58 - 3.269  |         31 |      885 |  72 | 296 | 242 | 275 |
| 3.269 - 3.027 |         34 |      846 |  70 | 277 | 228 | 271 |
| 3.027 - 2.832 |         31 |      776 |  70 | 253 | 210 | 243 |
| 2.832 - 2.67  |         34 |      818 |  71 | 263 | 220 | 264 |
| 2.67 - 2.533  |         34 |      773 |  71 | 248 | 207 | 247 |
| 2.533 - 2.415 |         31 |      561 |  71 | 197 | 190 | 103 |
| 2.415 - 2.313 |         38 |      551 | 104 | 177 | 200 |  70 |
| 2.313 - 2.222 |         41 |      524 | 121 | 165 | 168 |  70 |
| 2.222 - 2.141 |         46 |      505 | 133 | 164 | 137 |  71 |
| 2.141 - 2.069 |         77 |      594 | 153 | 176 | 105 | 160 |
| 2.069 - 2.003 |        104 |      582 | 150 | 150 | 105 | 177 |
| 2.003 - 1.943 |        137 |      657 | 159 | 217 | 141 | 140 |
| 1.943 - 1.889 |        205 |      614 | 141 | 172 | 161 | 140 |
| 1.889 - 1.838 |        213 |      474 |  83 | 125 | 132 | 134 |
| 1.838 - 1.792 |         45 |       96 |  21 |  28 |  32 |  15 |
+---------------+------------+----------+-----+-----+-----+-----+
Summary of reflections chosen for minimisation from each dataset (52724 total):
+--------------+------------------+----------------------+----------------------+--------------------+
| Dataset id   |     reflections  |   randomly selected  |   randomly selected  |   combined number  |
|              |    connected to  |         reflections  |         reflections  |     of reflections |
|              |   other datasets |       within dataset |      across datasets |                    |
|--------------+------------------+----------------------+----------------------+--------------------|
| 0            |             1879 |                 4626 |                 6264 |              11820 |
| 1            |             4258 |                 4673 |                 6461 |              14003 |
| 2            |             3633 |                 4680 |                 6469 |              13400 |
| 3            |             3628 |                 4806 |                 6371 |              13501 |
| total        |            13398 |                18785 |                25565 |              52724 |
+--------------+------------------+----------------------+----------------------+--------------------+
Completed configuration of MultiScaler. 

================================================================================

Components to be refined in this cycle for all datasets: scale, decay, absorption
Performing a round of scaling with an LBFGS minimizer. 

Time taken for refinement 20.24

Refinement steps:
+--------+--------+----------+
|   Step |   Nref |   RMSD_I |
|        |        |    (a.u) |
|--------+--------+----------|
|      0 |  50714 |   5.2561 |
|      1 |  50714 |   4.4644 |
|      2 |  50714 |   3.952  |
|      3 |  50714 |   3.6433 |
|      4 |  50714 |   3.1678 |
|      5 |  50714 |   2.7502 |
|      6 |  50714 |   2.3529 |
|      7 |  50714 |   1.9261 |
|      8 |  50714 |   1.7178 |
|      9 |  50714 |   1.5847 |
|     10 |  50714 |   1.5165 |
|     11 |  50714 |   1.4886 |
|     12 |  50714 |   1.4645 |
|     13 |  50714 |   1.4184 |
|     14 |  50714 |   1.4065 |
|     15 |  50714 |   1.3559 |
|     16 |  50714 |   1.3495 |
|     17 |  50714 |   1.3406 |
|     18 |  50714 |   1.3363 |
|     19 |  50714 |   1.3317 |
|     20 |  50714 |   1.3303 |
|     21 |  50714 |   1.3285 |
|     22 |  50714 |   1.3268 |
|     23 |  50714 |   1.3254 |
|     24 |  50714 |   1.3245 |
|     25 |  50714 |   1.3237 |
|     26 |  50714 |   1.3229 |
|     27 |  50714 |   1.3218 |
|     28 |  50714 |   1.3204 |
|     29 |  50714 |   1.3196 |
|     30 |  50714 |   1.3185 |
|     31 |  50714 |   1.3181 |
|     32 |  50714 |   1.3171 |
|     33 |  50714 |   1.3166 |
|     34 |  50714 |   1.316  |
|     35 |  50714 |   1.3151 |
|     36 |  50714 |   1.314  |
|     37 |  50714 |   1.313  |
|     38 |  50714 |   1.3118 |
|     39 |  50714 |   1.3109 |
|     40 |  50714 |   1.3101 |
|     41 |  50714 |   1.3085 |
|     42 |  50714 |   1.3074 |
|     43 |  50714 |   1.3061 |
|     44 |  50714 |   1.305  |
|     45 |  50714 |   1.3044 |
|     46 |  50714 |   1.3033 |
|     47 |  50714 |   1.3023 |
|     48 |  50714 |   1.3012 |
|     49 |  50714 |   1.3004 |
|     50 |  50714 |   1.2994 |
|     51 |  50714 |   1.2989 |
|     52 |  50714 |   1.2967 |
|     53 |  50714 |   1.2958 |
|     54 |  50714 |   1.2945 |
|     55 |  50714 |   1.2936 |
|     56 |  50714 |   1.292  |
|     57 |  50714 |   1.2909 |
|     58 |  50714 |   1.2902 |
|     59 |  50714 |   1.2884 |
|     60 |  50714 |   1.2876 |
|     61 |  50714 |   1.2847 |
|     62 |  50714 |   1.2835 |
|     63 |  50714 |   1.2818 |
|     64 |  50714 |   1.2807 |
|     65 |  50714 |   1.2787 |
|     66 |  50714 |   1.2778 |
|     67 |  50714 |   1.2771 |
|     68 |  50714 |   1.2761 |
|     69 |  50714 |   1.2757 |
|     70 |  50714 |   1.2745 |
|     71 |  50714 |   1.2738 |
|     72 |  50714 |   1.2728 |
|     73 |  50714 |   1.2711 |
|     74 |  50714 |   1.27   |
|     75 |  50714 |   1.2682 |
|     76 |  50714 |   1.2665 |
|     77 |  50714 |   1.264  |
|     78 |  50714 |   1.2611 |
|     79 |  50714 |   1.2576 |
|     80 |  50714 |   1.2527 |
|     81 |  50714 |   1.2497 |
|     82 |  50714 |   1.2479 |
|     83 |  50714 |   1.2459 |
|     84 |  50714 |   1.2445 |
|     85 |  50714 |   1.2428 |
|     86 |  50714 |   1.2414 |
|     87 |  50714 |   1.24   |
|     88 |  50714 |   1.2394 |
|     89 |  50714 |   1.2387 |
|     90 |  50714 |   1.2383 |
|     91 |  50714 |   1.2376 |
|     92 |  50714 |   1.2371 |
|     93 |  50714 |   1.2366 |
|     94 |  50714 |   1.236  |
|     95 |  50714 |   1.235  |
|     96 |  50714 |   1.2345 |
|     97 |  50714 |   1.2341 |
|     98 |  50714 |   1.2337 |
|     99 |  50714 |   1.2332 |
|    100 |  50714 |   1.2329 |
|    101 |  50714 |   1.2324 |
|    102 |  50714 |   1.2314 |
|    103 |  50714 |   1.2305 |
|    104 |  50714 |   1.2297 |
|    105 |  50714 |   1.2292 |
|    106 |  50714 |   1.2289 |
|    107 |  50714 |   1.2284 |
|    108 |  50714 |   1.2281 |
|    109 |  50714 |   1.2279 |
|    110 |  50714 |   1.2276 |
|    111 |  50714 |   1.2275 |
+--------+--------+----------+
RMSD no longer decreasing
lbfgs minimizer stop: callback_after_step is True

================================================================================

Scale factors determined during minimisation have now been
applied to all datasets.

Combined outlier rejection has been performed across multiple datasets, 
2937 outliers have been identified. 

Performing multi-dataset profile/summation intensity optimisation.
+-----------------+---------+---------+
| Combination     |   CC1/2 |   Rmeas |
|-----------------+---------+---------|
| prf only        | 0.9992  | 0.055   |
| sum only        | 0.99901 | 0.06082 |
| Imid = 827.49   | 0.99918 | 0.05502 |
| Imid = 10921.31 | 0.99921 | 0.05493 |
| Imid = 1092.13  | 0.99919 | 0.05491 |
| Imid = 109.21   | 0.99909 | 0.05756 |
+-----------------+---------+---------+
Combined intensities with Imid = 1092.13 determined to be best for scaling. 

Combined outlier rejection has been performed across multiple datasets, 
1069 outliers have been identified. 

Components to be refined in this cycle for all datasets: scale, decay, absorption
Performing a round of scaling with an LBFGS minimizer. 

Time taken for refinement 3.20

Refinement steps:
+--------+--------+----------+
|   Step |   Nref |   RMSD_I |
|        |        |    (a.u) |
|--------+--------+----------|
|      0 |  52374 |   1.1873 |
|      1 |  52374 |   1.1855 |
|      2 |  52374 |   1.1837 |
|      3 |  52374 |   1.1817 |
|      4 |  52374 |   1.1798 |
|      5 |  52374 |   1.1776 |
|      6 |  52374 |   1.1765 |
|      7 |  52374 |   1.1757 |
|      8 |  52374 |   1.1755 |
|      9 |  52374 |   1.175  |
|     10 |  52374 |   1.1746 |
|     11 |  52374 |   1.1743 |
|     12 |  52374 |   1.1742 |
|     13 |  52374 |   1.174  |
|     14 |  52374 |   1.1739 |
+--------+--------+----------+
RMSD no longer decreasing
lbfgs minimizer stop: callback_after_step is True

================================================================================

Scale factors determined during minimisation have now been
applied to all datasets.

Combined outlier rejection has been performed across multiple datasets, 
912 outliers have been identified. 

Determining a combined error model for all datasets
Performing a round of error model refinement.

Error model details:
  Type: basic
  Parameters: a = 0.93752, b = 0.04008
  Error model formula: σ'² = a²(σ² + (bI)²)
  estimated I/sigma asymptotic limit: 26.616

Results of error model refinement. Uncorrected and corrected variances
of normalised intensity deviations for given intensity ranges. Variances
are expected to be ~1.0 for reliable errors (sigmas).
+--------------------------+----------+------------------------+----------------------+
| Intensity range (<Ih>)   |   n_refl |   Uncorrected variance |   Corrected variance |
|--------------------------+----------+------------------------+----------------------|
| 10225.68 - 1813.91       |     1414 |                 16.532 |                0.903 |
| 1813.91 - 1385.79        |     1414 |                 10.252 |                1.004 |
| 1385.79 - 1165.27        |     1436 |                  9.325 |                1.09  |
| 1165.27 - 564.94         |    11739 |                  5.764 |                1.139 |
| 564.94 - 273.89          |    24083 |                  3.351 |                1.23  |
| 273.89 - 132.79          |    35344 |                  1.997 |                1.217 |
| 132.79 - 64.38           |    36556 |                  1.336 |                1.086 |
| 64.38 - 31.21            |    24618 |                  0.969 |                0.923 |
| 31.21 - 7.33             |     4824 |                  0.84  |                0.836 |
+--------------------------+----------+------------------------+----------------------+

Components to be refined in this cycle for all datasets: scale, decay, absorption
Performing a round of scaling with a Levenberg-Marquardt minimizer.

Time taken for refinement 14.06

Refinement steps:
+--------+--------+----------+
|   Step |   Nref |   RMSD_I |
|        |        |    (a.u) |
|--------+--------+----------|
|      0 |  52429 |  1.0147  |
|      1 |  52429 |  1.0074  |
|      2 |  52429 |  1.0035  |
|      3 |  52429 |  1.001   |
|      4 |  52429 |  1.0002  |
|      5 |  52429 |  0.99994 |
|      6 |  52429 |  0.99981 |
|      7 |  52429 |  0.99979 |
+--------+--------+----------+
RMSD no longer decreasing

================================================================================

Components to be refined in this cycle for all datasets: scale, decay, absorption
Performing a round of scaling with a Levenberg-Marquardt minimizer.

Time taken for refinement 3.44

Refinement steps:
+--------+--------+----------+
|   Step |   Nref |   RMSD_I |
|        |        |    (a.u) |
|--------+--------+----------|
|      0 |  52429 |  0.99979 |
|      1 |  52429 |  0.99979 |
+--------+--------+----------+
RMSD no longer decreasing

================================================================================

Calculating error estimates of inverse scale factors. 

Scale factors determined during minimisation have now been
applied to all datasets.

Combined outlier rejection has been performed across multiple datasets, 
341 outliers have been identified. 

Determining a combined error model for all datasets
Performing a round of error model refinement.

Error model details:
  Type: basic
  Parameters: a = 0.79416, b = 0.05802
  Error model formula: σ'² = a²(σ² + (bI)²)
  estimated I/sigma asymptotic limit: 21.701

Results of error model refinement. Uncorrected and corrected variances
of normalised intensity deviations for given intensity ranges. Variances
are expected to be ~1.0 for reliable errors (sigmas).
+--------------------------+----------+------------------------+----------------------+
| Intensity range (<Ih>)   |   n_refl |   Uncorrected variance |   Corrected variance |
|--------------------------+----------+------------------------+----------------------|
| 10256.42 - 1836.07       |     1419 |                 27.393 |                1.034 |
| 1836.07 - 1406.55        |     1419 |                 14.133 |                0.939 |
| 1406.55 - 1171.09        |     1524 |                 11.738 |                0.991 |
| 1171.09 - 568.14         |    11841 |                  6.92  |                1.004 |
| 568.14 - 275.63          |    24080 |                  3.623 |                1.084 |
| 275.63 - 133.72          |    35250 |                  2.08  |                1.186 |
| 133.72 - 64.87           |    36349 |                  1.348 |                1.191 |
| 64.87 - 31.47            |    24936 |                  0.977 |                1.119 |
| 31.47 - 7.40             |     5087 |                  0.863 |                1.06  |
+--------------------------+----------+------------------------+----------------------+


The reflection table variances have been adjusted to account for the
uncertainty in the scaling models for all datasets
Using median unit cell across experiments : (68.3603, 68.3603, 103.953, 90, 90, 90)

Total time taken: 47.9416s 

================================================================================

47.62% of model parameters have significant uncertainty
(sigma/abs(parameter) > 0.5)

Summary of dataset partialities
+------------------+----------+
| Partiality (p)   |   n_refl |
|------------------+----------|
| all reflections  |   301260 |
| p > 0.99         |   246904 |
| 0.5 < p < 0.99   |     2533 |
| 0.01 < p < 0.5   |     5463 |
| p < 0.01         |    46360 |
+------------------+----------+

Reflections below a partiality_cutoff of 0.25 are not considered for any
part of the scaling analysis or for the reporting of merging statistics.
Additionally, if applicable, only reflections with a min_partiality > 0.25
were considered for use when refining the scaling model.


            ----------Merging statistics by resolution bin----------           

  d_max  d_min    #obs  #uniq  mult.   %comp    <I>  <I/sI>  r_mrg  r_meas  r_pim  r_anom  cc1/2   cc_ano
  68.41   4.83   21230   1380  15.38  100.00  292.9    58.1  0.046   0.048  0.012   0.024  0.999*  -0.064
   4.83   3.84   20734   1271  16.31  100.00  430.4    61.9  0.045   0.047  0.011   0.024  0.999*  -0.109
   3.84   3.35   20480   1256  16.31  100.00  329.4    57.6  0.048   0.050  0.012   0.026  0.999*  -0.039
   3.35   3.05   20608   1226  16.81  100.00  227.3    52.5  0.053   0.055  0.013   0.028  0.999*  -0.020
   3.05   2.83   20504   1221  16.79  100.00  157.0    45.9  0.060   0.062  0.015   0.032  0.999*  -0.071
   2.83   2.66   21094   1233  17.11  100.00  130.6    43.4  0.065   0.067  0.016   0.035  0.998*  -0.180
   2.66   2.53   20274   1197  16.94  100.00  103.3    36.9  0.074   0.076  0.018   0.039  0.999*   0.042
   2.53   2.42   16601   1212  13.70  100.00   92.0    31.5  0.079   0.082  0.022   0.048  0.997*  -0.073
   2.42   2.32   12441   1213  10.26   99.92   83.2    26.9  0.080   0.085  0.026   0.057  0.997*  -0.014
   2.32   2.24   10358   1207   8.58   99.92   78.5    23.4  0.083   0.088  0.030   0.066  0.995*   0.020
   2.24   2.17    8643   1191   7.26   99.75   69.9    19.9  0.087   0.093  0.034   0.069  0.994*  -0.170
   2.17   2.11    6958   1189   5.85   99.33   59.3    15.8  0.097   0.106  0.042   0.093  0.991*  -0.105
   2.11   2.06    5481   1147   4.78   95.98   53.8    13.2  0.096   0.108  0.047   0.106  0.992*   0.021
   2.06   2.01    4342   1110   3.91   92.65   46.3    10.9  0.109   0.124  0.059   0.127  0.986*  -0.033
   2.01   1.96    3146   1029   3.06   86.40   39.7     8.5  0.120   0.143  0.076   0.169  0.975*  -0.017
   1.96   1.92    2117    930   2.28   77.44   35.7     6.9  0.121   0.150  0.086   0.169  0.966*  -0.386
   1.92   1.88    1173    716   1.64   60.17   30.3     5.0  0.137   0.182  0.118   0.248  0.950*   0.946
   1.88   1.84     816    564   1.45   48.83   26.6     4.3  0.156   0.212  0.143   0.363  0.942*   0.000
   1.84   1.81     489    383   1.28   31.63   23.9     3.6  0.184   0.252  0.172   0.293  0.910*   0.000
   1.81   1.78     137    125   1.10   10.52   16.6     2.4  0.137   0.189  0.130   1.320  0.955*   0.000
  68.36   1.78  217626  20800  10.46   85.45  135.4    30.8  0.056   0.058  0.016   0.040  0.999*  -0.051



            -------------Summary of merging statistics--------------           

                                             Overall    Low     High
High resolution limit                           1.78    4.83    1.78
Low resolution limit                           68.36   68.41    1.81
Completeness                                   85.4   100.0    10.5
Multiplicity                                   10.5    15.4     1.1
I/sigma                                        30.8    58.1     2.4
Rmerge(I)                                     0.056   0.046   0.137
Rmerge(I+/-)                                  0.055   0.045   0.118
Rmeas(I)                                      0.058   0.048   0.189
Rmeas(I+/-)                                   0.059   0.048   0.162
Rpim(I)                                       0.016   0.012   0.130
Rpim(I+/-)                                    0.020   0.016   0.110
CC half                                       0.999   0.999   0.955
Anomalous completeness                         69.3   100.0     0.2
Anomalous multiplicity                          6.2     9.3     1.1
Anomalous correlation                        -0.051  -0.064   0.000
Anomalous slope                               1.007
dF/F                                          0.037
dI/s(dI)                                      0.833
Total observations                           217626   21230     137
Total unique                                  20800    1380     125

Writing html report to dials.scale.html
Saving the scaled experiments to scaled.expt
Saving the scaled reflections to scaled.refl
See dials.github.io/dials_scale_user_guide.html for more info on scaling options
