DIALS 3.dev.1510-ge12de1a7a7
The following parameters have been modified:

input {
  experiments = symmetrized.expt
  reflections = symmetrized.refl
}

Using median unit cell across experiments : (68.3603, 68.3603, 103.953, 90, 90, 90)

Merging scaled reflection data

Read 301260 predicted reflections
Selected 219460 scaled reflections
Combined 48 partial reflections with other partial reflections
Combined 67 partial reflections with other partial reflections
Combined 58 partial reflections with other partial reflections
Combined 42 partial reflections with other partial reflections
Removed 164 reflections below partiality threshold
Running systematic absences check
Laue group: P 4/m m m
Scoring method: direct
+--------------+---------+---------------+--------------+---------------+--------------+-------------------+------------------+
| Screw axis   |   Score |   No. present |   No. absent |   <I> present |   <I> absent |   <I/sig> present |   <I/sig> absent |
|--------------+---------+---------------+--------------+---------------+--------------+-------------------+------------------|
| 41c          |       1 |            12 |           34 |       608.398 |        0.089 |            31.191 |            0.487 |
| 21a          |       1 |            14 |           14 |       876.566 |        0.474 |            23.054 |            1.179 |
| 42c          |       1 |            24 |           22 |       304.021 |        0.331 |            15.978 |            0.335 |
+--------------+---------+---------------+--------------+---------------+--------------+-------------------+------------------+
+---------------+---------+
| Space group   |   score |
|---------------+---------|
| P 4 2 2       |       0 |
| P 4 21 2      |       0 |
| P 41 2 2      |       0 |
| P 42 2 2      |       0 |
| P 41 21 2     |       1 |
| P 42 21 2     |       0 |
+---------------+---------+
Recommended space group: P 41 21 2
Space group with equivalent score (enantiomorphic pair): P 43 21 2

Performing French-Wilson treatment of scaled intensities
Total number of rejected intensities 2

===================== Absolute scaling and Wilson analysis ====================


        ----------Maximum likelihood isotropic Wilson scaling----------

 ML estimate of overall B value:
   12.42 A**2
 Estimated -log of scale factor:
   -2.88
 The overall B value ("Wilson B-factor", derived from the Wilson plot) gives
 an isotropic approximation for the falloff of intensity as a function of
 resolution.  Note that this approximation may be misleading for anisotropic
 data (where the crystal is poorly ordered along an axis).  The Wilson B is
 strongly correlated with refined atomic B-factors but these may differ by
 a significant amount, especially if anisotropy is present.

       ----------Maximum likelihood anisotropic Wilson scaling----------

ML estimate of overall B_cart value:
  11.65,  0.00,  0.00
         11.65,  0.00
                13.72

Equivalent representation as U_cif:
   0.15, -0.00, -0.00
          0.15,  0.00
                 0.17

Eigen analyses of B-cart:
  -------------------------------------------------
  | Eigenvector | Value   | Vector                |
  -------------------------------------------------
  | 1           |  13.721 | ( 0.00,  0.00,  1.00) |
  | 2           |  11.655 | (-0.71,  0.71, -0.00) |
  | 3           |  11.655 | ( 0.71,  0.71, -0.00) |
  -------------------------------------------------
ML estimate of  -log of scale factor:
  -2.88

                    ----------Anisotropy analyses----------


 For the resolution shell spanning between 1.93 - 1.78 Angstrom,
 the mean I/sigI is equal to  4.89. 58.8 % of these intensities have
 an I/sigI > 3. When sorting these intensities by their anisotropic
 correction factor and analysing the I/sigI behavior for this ordered
 list, we can gauge the presence of 'anisotropy induced noise amplification'
 in reciprocal space.

 The quarter of Intensities *least* affected by the anisotropy correction show

    <I/sigI>                 :   5.25e+00
    Fraction of I/sigI > 3   :   6.27e-01     ( Z =     1.81 )
  The quarter of Intensities *most* affected by the anisotropy correction show

    <I/sigI>                 :   3.79e+00
    Fraction of I/sigI > 3   :   4.68e-01     ( Z =     5.43 )
 Z-scores are computed on the basis of a Bernoulli model assuming independence
 of weak reflections with respect to anisotropy.

                        ----------Wilson plot----------

 The Wilson plot shows the falloff in intensity as a function in resolution;
 this is used to calculate the overall B-factor ("Wilson B-factor") for the
 data shown above.  The expected plot is calculated based on analysis of
 macromolecule structures in the PDB, and the distinctive appearance is due to
 the non-random arrangement of atoms in the crystal.  Some variation is
 natural, but major deviations from the expected plot may indicate pathological
 data (including ice rings, detector problems, or processing errors).

                  ----------Mean intensity analyses----------

 Inspired by: Morris et al. (2004). J. Synch. Rad.11, 56-59.
 The following resolution shells are worrisome:
  -----------------------------------------------------------------
  | Mean intensity by shell (outliers)                            |
  |---------------------------------------------------------------|
  | d_spacing     | z_score       | completeness  | <Iobs>/<Iexp> |
  |---------------------------------------------------------------|
  |     2.033     |    4.84       |    0.76       |      0.821    |
  -----------------------------------------------------------------

 Possible reasons for the presence of the reported unexpected low or elevated
 mean intensity in a given resolution bin are :
   - missing overloaded or weak reflections
   - suboptimal data processing
   - satellite (ice) crystals
   - NCS
   - translational pseudo symmetry (detected elsewhere)
   - outliers (detected elsewhere)
   - ice rings (detected elsewhere)
   - other problems
 Note that the presence of abnormalities in a certain region of reciprocal
 space might confuse the data validation algorithm throughout a large region
 of reciprocal space, even though the data are acceptable in those areas.



                     ----------Possible outliers----------

  Inspired by: Read, Acta Cryst. (1999). D55, 1759-1764

Acentric reflections:
            None

Centric reflections:
  -----------------------------------------------------------------------------------------------------
  | Centric reflections                                                                               |
  |---------------------------------------------------------------------------------------------------|
  | d_spacing         | H K L             | |E|               | p(wilson)         | p(extreme)        |
  |---------------------------------------------------------------------------------------------------|
  |    2.628          |    26,    0,    1 |   4.18            |  2.93e-05         |   7.86e-02        |
  -----------------------------------------------------------------------------------------------------



 p(wilson)  : 1-(erf[|E|/sqrt(2)])
 p(extreme) : 1-(erf[|E|/sqrt(2)])^(n_acentrics)


 p(wilson) is the probability that an E-value of the specified
 value would be observed when it would selected at random from
 the given data set.
 p(extreme) is the probability that the largest |E| value is
 larger or equal than the observed largest |E| value.

 Both measures can be used for outlier detection. p(extreme)
 takes into account the size of the dataset.


                 ----------Ice ring related problems----------

 The following statistics were obtained from ice-ring insensitive resolution
 ranges:

    mean bin z_score      : 1.41
        ( rms deviation   : 1.14 )
    mean bin completeness : 0.86
        ( rms deviation   : 0.29 )

 The following table shows the Wilson plot Z-scores and completeness for
 observed data in ice-ring sensitive areas.  The expected relative intensity
 is the theoretical intensity of crystalline ice at the given resolution.
 Large z-scores and high completeness in these resolution ranges might
 be a reason to re-assess your data processsing if ice rings were present.

  -------------------------------------------------------------
  | d_spacing | Expected rel. I | Data Z-score | Completeness |
  -------------------------------------------------------------
  |     3.897 |      1.000      |    2.79      |    1.00      |
  |     3.669 |      0.750      |    1.07      |    1.00      |
  |     3.441 |      0.530      |    3.36      |    0.99      |
  |     2.671 |      0.170      |    1.19      |    0.99      |
  |     2.249 |      0.390      |    1.44      |    0.98      |
  |     2.072 |      0.300      |    0.91      |    0.81      |
  |     1.948 |      0.040      |    1.70      |    0.51      |
  |     1.918 |      0.180      |    0.03      |    0.37      |
  |     1.883 |      0.030      |    0.46      |    0.30      |
  -------------------------------------------------------------
 Abnormalities in mean intensity or completeness at resolution ranges with a
 relative ice ring intensity lower than 0.10 will be ignored.
 No ice ring related problems detected.
 If ice rings were present, the data does not look worse at ice ring related
 d_spacings as compared to the rest of the data set.

Size of anomalous differences
+---------+---------+----------------+
|   d_max |   d_min |   <|ΔF|/σ(ΔF)> |
|---------+---------+----------------|
|   68.36 |    5.59 |          0.957 |
|    5.59 |    4.3  |          0.88  |
|    4.3  |    3.71 |          0.929 |
|    3.71 |    3.34 |          0.965 |
|    3.34 |    3.08 |          0.94  |
|    3.08 |    2.88 |          0.936 |
|    2.88 |    2.72 |          0.887 |
|    2.72 |    2.6  |          0.939 |
|    2.6  |    2.49 |          0.889 |
|    2.49 |    2.4  |          0.905 |
|    2.4  |    2.31 |          0.921 |
|    2.31 |    2.24 |          0.88  |
|    2.24 |    2.18 |          0.762 |
|    2.18 |    2.12 |          0.738 |
|    2.12 |    2.07 |          0.739 |
|    2.07 |    2.02 |          0.723 |
|    2.02 |    1.97 |          0.748 |
|    1.97 |    1.92 |          0.732 |
|    1.92 |    1.87 |          0.704 |
|    1.87 |    1.78 |          0.646 |
+---------+---------+----------------+

            ----------Merging statistics by resolution bin----------           

  d_max  d_min    #obs  #uniq  mult.   %comp    <I>  <I/sI>  r_mrg  r_meas  r_pim  r_anom  cc1/2  cc_ano 
  68.41   4.83   21413   1380  15.52  100.00  296.9    57.1  0.047   0.048  0.012   0.025  0.999*  0.092*
   4.83   3.84   20906   1271  16.45  100.00  436.2    60.7  0.045   0.047  0.011   0.024  0.999* -0.080 
   3.84   3.35   20678   1256  16.46  100.00  333.4    56.9  0.048   0.050  0.012   0.026  0.999* -0.052 
   3.35   3.05   20829   1226  16.99  100.00  230.0    52.4  0.053   0.055  0.013   0.028  0.999*  0.046 
   3.05   2.83   20688   1221  16.94  100.00  158.7    46.1  0.060   0.061  0.015   0.031  0.999* -0.066 
   2.83   2.66   21293   1233  17.27  100.00  131.8    43.8  0.065   0.067  0.016   0.035  0.998* -0.148 
   2.66   2.53   20390   1197  17.03  100.00  104.2    37.3  0.074   0.077  0.018   0.041  0.998*  0.090*
   2.53   2.42   16669   1212  13.75  100.00   92.9    31.8  0.079   0.083  0.022   0.048  0.998*  0.045 
   2.42   2.32   12526   1213  10.33  100.00   83.9    27.3  0.081   0.085  0.026   0.059  0.997*  0.046 
   2.32   2.24   10409   1207   8.62  100.00   79.2    23.7  0.083   0.088  0.030   0.066  0.996* -0.081 
   2.24   2.17    8636   1191   7.25   99.92   70.5    20.0  0.087   0.094  0.034   0.069  0.993* -0.198 
   2.17   2.11    6956   1189   5.85   99.41   59.8    15.9  0.097   0.106  0.043   0.094  0.991* -0.113 
   2.11   2.06    5477   1147   4.78   96.14   54.3    13.3  0.097   0.108  0.047   0.106  0.992* -0.011 
   2.06   2.01    4340   1110   3.91   92.73   46.8    11.0  0.109   0.125  0.059   0.127  0.986* -0.031 
   2.01   1.96    3144   1029   3.06   86.47   40.1     8.6  0.120   0.143  0.076   0.170  0.976* -0.028 
   1.96   1.92    2115    929   2.28   77.48   36.1     7.1  0.121   0.150  0.086   0.169  0.967* -0.324 
   1.92   1.88    1171    716   1.64   60.22   30.6     5.1  0.137   0.181  0.117   0.249  0.950*  0.945 
   1.88   1.84     816    564   1.45   48.87   26.9     4.4  0.156   0.212  0.143   0.362  0.942*  0.000 
   1.84   1.81     489    383   1.28   31.65   24.2     3.7  0.183   0.250  0.171   0.289  0.909*  0.000 
   1.81   1.78     136    125   1.09   10.53   16.8     2.5  0.140   0.194  0.133   9.564  0.962*  0.000 
  68.36   1.78  219081  20799  10.53   85.66  136.9    30.8  0.056   0.059  0.016   0.040  0.999* -0.094 


            -------------Summary of merging statistics--------------           

                                             Overall    Low     High
High resolution limit                           1.78    4.83    1.78
Low resolution limit                           68.36   68.41    1.81
Completeness                                   85.7   100.0    10.5
Multiplicity                                   10.5    15.5     1.1
I/sigma                                        30.8    57.1     2.5
Rmerge(I)                                     0.056   0.047   0.140
Rmerge(I+/-)                                  0.055   0.046   0.116
Rmeas(I)                                      0.059   0.048   0.194
Rmeas(I+/-)                                   0.059   0.049   0.160
Rpim(I)                                       0.016   0.012   0.133
Rpim(I+/-)                                    0.020   0.016   0.109
CC half                                       0.999   0.999   0.962
Wilson B factor                              12.423
Anomalous completeness                         69.3   100.0     0.1
Anomalous multiplicity                          6.2     9.4     1.1
Anomalous correlation                        -0.094   0.092   0.000
Anomalous slope                               1.031
dF/F                                          0.037
dI/s(dI)                                      0.847
Total observations                           219081   21413     136
Total unique                                  20799    1380     125


Writing reflections to merged.mtz
Title: From dev.dials.generate_tutorial_text
Total Number of Datasets = 2

Dataset    0   HKL_base > HKL_base > HKL_base:
        cell  68.3603 68.3603 103.953      90     90     90
  wavelength  0
Dataset    1   AUTOMATIC > XTAL > NATIVE:
        cell  68.3603 68.3603 103.953      90     90     90
  wavelength  0.979493

Number of Columns = 21
Number of Reflections = 20799
Number of Batches = 0
Missing values marked as: nan
Global Cell (obsolete): 68.3603 68.3603 103.953      90     90     90
Resolution: 1.78 - 68.36 A
Sort Order: 0 0 0 0 0
Space Group: P 41 21 2
Space Group Number: 92
Header info:
Column    Type  Dataset    Min        Max
H            H  0            0         37
K            H  0            0         24
L            H  0            0         56
FreeR_flag   I  0            0         19
IMEAN        J  1     -27.5327    5729.24
SIGIMEAN     Q  1     0.119743    197.777
N            I  1            1         38
F            F  1     0.257585    75.3807
SIGF         Q  1    0.0403441    1.43468
I(+)         K  1     -27.5327    5729.24
SIGI(+)      M  1     0.119743    197.777
I(-)         K  1      -31.437     3757.7
SIGI(-)      M  1     0.350757    78.2744
N(+)         I  1            1         21
N(-)         I  1            1         20
F(+)         G  1     0.257585    75.3807
SIGF(+)      L  1    0.0439554    1.43468
F(-)         G  1      0.36186    61.2467
SIGF(-)      L  1    0.0569075    1.35938
DANO         D  1     -3.88731    3.53116
SIGDANO      Q  1    0.0818017     1.6358
History (1 lines):
From DIALS 3.dev.1510-ge12de1a7a7, run on 2026-09-05 at 08:20:31 BST  (2026-09-05 at 07:20:31 GMT)
Writing html report to dials.merge.html
