DIALS 3.dev.1510-ge12de1a7a7
The following parameters have been modified:

input {
  experiments = experiments_0.expt
  experiments = experiments_1.expt
  experiments = experiments_2.expt
  experiments = experiments_3.expt
  reflections = reflections_0.refl
  reflections = reflections_1.refl
  reflections = reflections_2.refl
  reflections = reflections_3.refl
}

------------------ Filtering reflections -------------------
Selecting 4 experiments with profile-fitted reflections
Selecting 4 experiments with refined reflections
------------------- Unit cell clustering -------------------
0 singletons:

Point group    a           b           c          alpha        beta         gamma       


1 cluster

Cluster_id       N_xtals  Med_a         Med_b         Med_c         Med_alpha    Med_beta     Med_gamma   Delta(deg)
4 in P 4 2 2.
cluster_1        4        68.36 (0.01 ) 68.36 (0.01 ) 103.95(0.02 ) 90.00 (0.00) 90.00 (0.00) 90.00 (0.00)
     P 4/m m m (No. 123)  68.36         68.36         103.95        90.00        90.00        90.00         0.0   
Standard deviations are in brackets.
Each cluster:
        Input lattice count, with integration Bravais setting space group.
        Cluster median with Niggli cell parameters (std dev in brackets).
        Highest possible metric symmetry and unit cell using LePage (J Appl Cryst 1982, 15:255) method, maximum delta 3deg.
Using all data sets for subsequent analysis
--------------- Applying consistent symmetry ---------------
Laue group determined by dials.cosym: P 4 2 2
------------------------- Scaling --------------------------
Refined unit cell: 68.3672(2), 68.3672(2), 103.9440(4), 90.0, 90.0, 90.0
Resolution limit: 1.78 (cc_half > 0.3)
----------------- Determining space group ------------------
Space group determined by dials.symmetry: P 41 21 2
-------------------- Merging (All data) --------------------
Datasets merged: 4

Overall merging statistics:
+--------------------+--------------+------------------+-------------------+
|                    | Overall      | Low resolution   | High resolution   |
|--------------------+--------------+------------------+-------------------|
| Resolution (Å)     | 68.37 - 1.78 | 68.42 - 4.83     | 1.81 - 1.78       |
| Observations       | 217607       | 21228            | 138               |
| Unique reflections | 20800        | 1380             | 126               |
| Multiplicity       | 10.5         | 15.4             | 1.1               |
| Completeness       | 85.67%       | 100.00%          | 10.61%            |
| Mean I/σ(I)        | 30.4         | 57.2             | 2.4               |
| Rmerge             | 0.057        | 0.048            | 0.153             |
| Rmeas              | 0.059        | 0.050            | 0.211             |
| Rpim               | 0.016        | 0.013            | 0.145             |
| CC½                | 0.999        | 0.999            | 0.943             |
+--------------------+--------------+------------------+-------------------+

Resolution shells:
+------------------+----------+-------------+----------------+----------------+----------+---------------+----------+---------+--------+---------+--------+---------+
| Resolution (Å)   |   N(obs) |   N(unique) |   Multiplicity |   Completeness |   Mean I |   Mean I/σ(I) |   Rmerge |   Rmeas |   Rpim |   Ranom | CC½    |   CCano |
|------------------+----------+-------------+----------------+----------------+----------+---------------+----------+---------+--------+---------+--------+---------|
| 68.42 - 4.83     |    21228 |        1380 |          15.38 |         100    |    294.1 |          57.2 |    0.048 |   0.05  |  0.013 |   0.025 | 0.999* |  -0.131 |
| 4.83 - 3.84      |    20682 |        1269 |          16.3  |         100    |    432   |          61   |    0.046 |   0.047 |  0.011 |   0.024 | 0.999* |  -0.116 |
| 3.84 - 3.35      |    20523 |        1258 |          16.31 |         100    |    329.1 |          56.7 |    0.048 |   0.05  |  0.012 |   0.027 | 0.999* |  -0.027 |
| 3.35 - 3.05      |    20609 |        1226 |          16.81 |         100    |    227.2 |          51.7 |    0.053 |   0.055 |  0.013 |   0.028 | 0.999* |  -0.028 |
| 3.05 - 2.83      |    20502 |        1221 |          16.79 |         100    |    156.7 |          45.2 |    0.06  |   0.062 |  0.015 |   0.032 | 0.999* |  -0.063 |
| 2.83 - 2.66      |    21028 |        1230 |          17.1  |         100    |    130.2 |          42.7 |    0.066 |   0.068 |  0.016 |   0.035 | 0.998* |  -0.112 |
| 2.66 - 2.53      |    20332 |        1200 |          16.94 |         100    |    103.1 |          36.4 |    0.074 |   0.077 |  0.018 |   0.04  | 0.998* |  -0.021 |
| 2.53 - 2.42      |    16607 |        1212 |          13.7  |         100    |     91.8 |          31.1 |    0.08  |   0.084 |  0.022 |   0.048 | 0.997* |  -0.087 |
| 2.42 - 2.32      |    12375 |        1208 |          10.24 |         100    |     82.3 |          26.4 |    0.083 |   0.088 |  0.027 |   0.059 | 0.996* |   0.025 |
| 2.32 - 2.24      |    10389 |        1209 |           8.59 |         100    |     79   |          23.2 |    0.085 |   0.09  |  0.03  |   0.064 | 0.996* |  -0.07  |
| 2.24 - 2.17      |     8661 |        1193 |           7.26 |          99.92 |     69.6 |          19.6 |    0.089 |   0.096 |  0.035 |   0.07  | 0.993* |  -0.092 |
| 2.17 - 2.11      |     6966 |        1189 |           5.86 |          99.41 |     59.2 |          15.6 |    0.1   |   0.109 |  0.044 |   0.092 | 0.992* |  -0.122 |
| 2.11 - 2.06      |     5485 |        1148 |           4.78 |          96.15 |     53.7 |          13   |    0.1   |   0.112 |  0.049 |   0.104 | 0.991* |   0.026 |
| 2.06 - 2.01      |     4335 |        1108 |           3.91 |          92.72 |     46.2 |          10.8 |    0.111 |   0.127 |  0.06  |   0.129 | 0.984* |  -0.042 |
| 2.01 - 1.96      |     3144 |        1028 |           3.06 |          86.46 |     39.5 |           8.4 |    0.122 |   0.145 |  0.077 |   0.166 | 0.975* |   0.011 |
| 1.96 - 1.92      |     2121 |         929 |           2.28 |          77.55 |     35.9 |           6.9 |    0.124 |   0.153 |  0.089 |   0.173 | 0.964* |  -0.363 |
| 1.92 - 1.88      |     1176 |         719 |           1.64 |          60.27 |     30.2 |           5   |    0.143 |   0.19  |  0.123 |   0.253 | 0.946* |   0.938 |
| 1.88 - 1.84      |      819 |         566 |           1.45 |          49    |     26.6 |           4.2 |    0.159 |   0.216 |  0.146 |   0.364 | 0.938* |   0     |
| 1.84 - 1.81      |      487 |         381 |           1.28 |          31.54 |     24.1 |           3.6 |    0.194 |   0.267 |  0.183 |   0.313 | 0.908* |   0     |
| 1.81 - 1.78      |      138 |         126 |           1.1  |          10.61 |     16.4 |           2.4 |    0.153 |   0.211 |  0.145 |   1.345 | 0.943* |   0     |
+------------------+----------+-------------+----------------+----------------+----------+---------------+----------+---------+--------+---------+--------+---------+
----------- Identifying intensity-based clusters -----------

Intensity correlation clustering summary:
=========  ==============  ==========  ========  ==============  ==============
  Cluster    No. datasets  Datasets      Height    Multiplicity    Completeness
=========  ==============  ==========  ========  ==============  ==============
        1               2  0 3           0.0031             5.6            0.81
        2               2  1 2           0.0035             5.7            0.79
        3               4  0 1 2 3       0.0072            10.4            0.86
=========  ==============  ==========  ========  ==============  ==============

Cos(angle) clustering summary:
=========  ==============  ==========  ========  ==============  ==============
  Cluster    No. datasets  Datasets      Height    Multiplicity    Completeness
=========  ==============  ==========  ========  ==============  ==============
        1               2  1 2          4.5e-06             5.7            0.79
        2               3  1 2 3        6e-05               8.1            0.83
        3               4  0 1 2 3      0.12               10.4            0.86
=========  ==============  ==========  ========  ==============  ==============
OPTICS identified 1 clusters and 0 outlier datasets.
Cluster 0
  Number of datasets: 4
  Completeness: 85.7 %
  Multiplicity: 10.45
  Datasets:0,1,2,3
xia2.multiplex used... dials-general, dials.correlation_matrix, dials.cosym, dials.scale, xia2.multiplex
Here are the appropriate citations (BIBTeX in xia2.multiplex-citations.bib)
Beilsten-Edmands, J. et al. (2020) Acta Cryst. D76, 385-399.
Gildea, R. J. and Winter, G. (2018) Acta Cryst. D74, 405-410.
Gildea, R. J. et al. (2022) Acta Cryst. D78, 752-769.
Thompson, A. J. et al. (2025) Acta Cryst. D81, 278-290.
Winter, G. et al. (2018) Acta Cryst. D74, 85-97.
Processing took 00h 02m 03s
